 SGE

 Timestamp is 6062b97c (Tue Mar 30 01:39:08 2021)

 Preferred load address is 0000000180000000

 Start         Length     Name                   Class
 0001:00000000 000094c0H .text$mn                CODE
 0001:000094c0 0000103eH .text$mn$00             CODE
 0001:0000a4fe 000010b6H .text$x                 CODE
 0002:00000000 00000110H .CRT$XCA                DATA
 0002:00000110 00000110H .CRT$XCZ                DATA
 0002:00000220 00000110H .CRT$XIA                DATA
 0002:00000330 00000110H .CRT$XIZ                DATA
 0002:00000440 00000110H .CRT$XPA                DATA
 0002:00000550 00000110H .CRT$XPZ                DATA
 0002:00000660 00000110H .CRT$XTA                DATA
 0002:00000770 00000110H .CRT$XTZ                DATA
 0002:00000880 00000380H .rdata                  DATA
 0002:00000c00 00000110H .rdata$CastGuardVftablesA DATA
 0002:00000d10 0000010cH .rdata$CastGuardVftablesC DATA
 0002:00000e1c 00000164H .rdata$zzzdbg           DATA
 0002:00000f80 00000110H .rtc$IAA                DATA
 0002:00001090 00000110H .rtc$IZZ                DATA
 0002:000011a0 00000110H .rtc$TAA                DATA
 0002:000012b0 00000110H .rtc$TZZ                DATA
 0002:000013c0 000006d0H .xdata                  DATA
 0002:00001a90 00000167H .edata                  DATA
 0003:00000000 00005b10H .data                   DATA
 0003:00005b10 00002279H .bss                    DATA
 0004:00000000 0000063cH .pdata                  DATA
 0005:00000000 00000400H .idata$5                DATA
 0005:00000400 0000008cH .idata$2                DATA
 0005:0000048c 00000014H .idata$3                DATA
 0005:000004a0 00000400H .idata$4                DATA
 0005:000008a0 000005beH .idata$6                DATA
 0006:00000000 00000151H .00cfg                  DATA

  Address         Publics by Value              Rva+Base               Lib:Object

 0000:00000000       __guard_iat_count          0000000000000000     <absolute>
 0000:00000000       __guard_longjmp_count      0000000000000000     <absolute>
 0000:00000000       __arm64x_redirection_metadata_count 0000000000000000     <absolute>
 0000:00000000       __enclave_config           0000000000000000     <absolute>
 0000:00000000       __dynamic_value_reloc_table 0000000000000000     <absolute>
 0000:00000000       __x64_code_ranges_to_entry_points 0000000000000000     <absolute>
 0000:00000000       __guard_longjmp_table      0000000000000000     <absolute>
 0000:00000000       __AbsoluteZero             0000000000000000     <absolute>
 0000:00000000       __arm64x_redirection_metadata 0000000000000000     <absolute>
 0000:00000000       __guard_fids_table         0000000000000000     <absolute>
 0000:00000000       __guard_eh_cont_table      0000000000000000     <absolute>
 0000:00000000       __guard_fids_count         0000000000000000     <absolute>
 0000:00000000       __arm64x_extra_rfe_table   0000000000000000     <absolute>
 0000:00000000       __arm64x_native_entrypoint 0000000000000000     <absolute>
 0000:00000000       __hybrid_auxiliary_iat     0000000000000000     <absolute>
 0000:00000000       __guard_eh_cont_count      0000000000000000     <absolute>
 0000:00000000       ___safe_se_handler_table   0000000000000000     <absolute>
 0000:00000000       __hybrid_code_map          0000000000000000     <absolute>
 0000:00000000       __x64_code_ranges_to_entry_points_count 0000000000000000     <absolute>
 0000:00000000       __volatile_metadata        0000000000000000     <absolute>
 0000:00000000       __guard_iat_table          0000000000000000     <absolute>
 0000:00000000       __arm64x_extra_rfe_table_size 0000000000000000     <absolute>
 0000:00000000       ___safe_se_handler_count   0000000000000000     <absolute>
 0000:00000000       __hybrid_code_map_count    0000000000000000     <absolute>
 0000:00000100       __guard_flags              0000000000000100     <absolute>
 0000:00000000       __ImageBase                0000000180000000     <linker-defined>
 0001:00000440       SGEInitStub                0000000180001440 f   SGE.obj
 0001:00000450       SGEUpdateStub              0000000180001450 f   SGE.obj
 0001:00000660       SGEInit                    0000000180001660 f   SGE.obj
 0001:00000670       SGEUpdate                  0000000180001670 f   SGE.obj
 0001:00000d90       glm_vec3_copy              0000000180001d90 f i SGE.obj
 0001:00000e30       gladLoadGL                 0000000180001e30 f   glad.obj
 0001:00000e70       gladLoadGLLoader           0000000180001e70 f   glad.obj
 0001:00005c70       __local_stdio_scanf_options 0000000180006c70 f i glad.obj
 0001:00005c80       _vsscanf_s_l               0000000180006c80 f i glad.obj
 0001:00005cf0       sscanf_s                   0000000180006cf0 f i glad.obj
 0001:00005d50       vsscanf_s                  0000000180006d50 f i glad.obj
 0001:00005d90       GL_CheckError_             0000000180006d90 f   Win32_OpenGL.obj
 0001:00005f30       GL_Log                     0000000180006f30 f   Win32_OpenGL.obj
 0001:000060e0       GL_ClearError              00000001800070e0 f   Win32_OpenGL.obj
 0001:00006100       win32_OpenGL_draw_sprite   0000000180007100 f   Win32_OpenGL.obj
 0001:00006330       OpenGL_VertexBuffer_Create 0000000180007330 f   Win32_OpenGL.obj
 0001:000063f0       OpenGL_VertexBuffer_Destroy 00000001800073f0 f   Win32_OpenGL.obj
 0001:00006430       OpenGL_VertexBuffer_Bind   0000000180007430 f   Win32_OpenGL.obj
 0001:00006470       OpenGL_VertexBuffer_Unbind 0000000180007470 f   Win32_OpenGL.obj
 0001:000064b0       OpenGL_IndexBuffer_Create  00000001800074b0 f   Win32_OpenGL.obj
 0001:00006570       OpenGL_IndexBuffer_Destroy 0000000180007570 f   Win32_OpenGL.obj
 0001:000065b0       OpenGL_IndexBuffer_Bind    00000001800075b0 f   Win32_OpenGL.obj
 0001:000065f0       OpenGL_IndexBuffer_Unbind  00000001800075f0 f   Win32_OpenGL.obj
 0001:00006850       __local_stdio_printf_options 0000000180007850 f i Win32_OpenGL.obj
 0001:00006860       _vfprintf_l                0000000180007860 f i Win32_OpenGL.obj
 0001:000068c0       printf                     00000001800078c0 f i Win32_OpenGL.obj
 0001:00006930       __GSHandlerCheck           0000000180007930 f   MSVCRT:gshandler.obj
 0001:00006954       __GSHandlerCheckCommon     0000000180007954 f   MSVCRT:gshandler.obj
 0001:000069e0       __security_check_cookie    00000001800079e0 f   MSVCRT:amdsecgs.obj
 0001:00006e18       _CRT_INIT                  0000000180007e18 f   MSVCRT:dll_dllmain.obj
 0001:00006e20       _DllMainCRTStartup         0000000180007e20 f   MSVCRT:dll_dllmain.obj
 0001:00006e6c       __raise_securityfailure    0000000180007e6c f   MSVCRT:gs_report.obj
 0001:00006eb0       __report_gsfailure         0000000180007eb0 f   MSVCRT:gs_report.obj
 0001:00006fb8       __report_rangecheckfailure 0000000180007fb8 f   MSVCRT:gs_report.obj
 0001:00006fd0       __report_securityfailure   0000000180007fd0 f   MSVCRT:gs_report.obj
 0001:00007094       __report_securityfailureEx 0000000180008094 f   MSVCRT:gs_report.obj
 0001:00007388       __security_init_cookie     0000000180008388 f   MSVCRT:gs_support.obj
 0001:00007460       DllMain                    0000000180008460 f   MSVCRT:dll_dllmain_stub.obj
 0001:0000748c       ?__scrt_initialize_type_info@@YAXXZ 000000018000848c f   MSVCRT:tncleanup.obj
 0001:000074a0       ?__scrt_uninitialize_type_info@@YAXXZ 00000001800084a0 f   MSVCRT:tncleanup.obj
 0001:000074b0       __scrt_initialize_default_local_stdio_options 00000001800084b0 f   MSVCRT:default_local_stdio_options.obj
 0001:000074d4       ?configure_argv@__scrt_narrow_argv_policy@@SAHXZ 00000001800084d4 f i MSVCRT:utility.obj
 0001:0000754c       ?initialize_environment@__scrt_narrow_environment_policy@@SAHXZ 000000018000854c f i MSVCRT:utility.obj
 0001:00007590       NtCurrentTeb               0000000180008590 f i MSVCRT:utility.obj
 0001:0000759c       __scrt_acquire_startup_lock 000000018000859c f   MSVCRT:utility.obj
 0001:000075e4       __scrt_dllmain_after_initialize_c 00000001800085e4 f   MSVCRT:utility.obj
 0001:00007628       __scrt_dllmain_before_initialize_c 0000000180008628 f   MSVCRT:utility.obj
 0001:00007644       __scrt_dllmain_crt_thread_attach 0000000180008644 f   MSVCRT:utility.obj
 0001:00007678       __scrt_dllmain_crt_thread_detach 0000000180008678 f   MSVCRT:utility.obj
 0001:00007694       __scrt_dllmain_exception_filter 0000000180008694 f   MSVCRT:utility.obj
 0001:0000770c       __scrt_dllmain_uninitialize_c 000000018000870c f   MSVCRT:utility.obj
 0001:00007748       __scrt_dllmain_uninitialize_critical 0000000180008748 f   MSVCRT:utility.obj
 0001:00007764       __scrt_initialize_crt      0000000180008764 f   MSVCRT:utility.obj
 0001:000077c0       __scrt_initialize_onexit_tables 00000001800087c0 f   MSVCRT:utility.obj
 0001:00007870       __scrt_is_nonwritable_in_current_image 0000000180008870 f   MSVCRT:utility.obj
 0001:00007930       __scrt_release_startup_lock 0000000180008930 f   MSVCRT:utility.obj
 0001:00007960       __scrt_uninitialize_crt    0000000180008960 f   MSVCRT:utility.obj
 0001:00007994       _onexit                    0000000180008994 f   MSVCRT:utility.obj
 0001:000079dc       at_quick_exit              00000001800089dc f   MSVCRT:utility.obj
 0001:00007a00       atexit                     0000000180008a00 f   MSVCRT:utility.obj
 0001:00007a1c       __scrt_get_dyn_tls_init_callback 0000000180008a1c f   MSVCRT:dyn_tls_init.obj
 0001:00007a28       __crt_debugger_hook        0000000180008a28 f   MSVCRT:utility_desktop.obj
 0001:00007a34       __scrt_fastfail            0000000180008a34 f   MSVCRT:utility_desktop.obj
 0001:00007bd0       __scrt_get_show_window_mode 0000000180008bd0 f   MSVCRT:utility_desktop.obj
 0001:00007c18       __scrt_initialize_mta      0000000180008c18 f   MSVCRT:utility_desktop.obj
 0001:00007c20       __scrt_initialize_winrt    0000000180008c20 f   MSVCRT:utility_desktop.obj
 0001:00007c24       __scrt_is_managed_app      0000000180008c24 f   MSVCRT:utility_desktop.obj
 0001:00007c8c       __scrt_set_unhandled_exception_filter 0000000180008c8c f   MSVCRT:utility_desktop.obj
 0001:00007ca0       __scrt_stub_for_initialize_mta 0000000180008ca0 f   MSVCRT:utility_desktop.obj
 0001:00007ca0       __scrt_exe_initialize_mta  0000000180008ca0 f   MSVCRT:utility_desktop.obj
 0001:00007ca4       __scrt_unhandled_exception_filter 0000000180008ca4 f   MSVCRT:utility_desktop.obj
 0001:00007d18       _RTC_Initialize            0000000180008d18 f   MSVCRT:initsect.obj
 0001:00007d64       _RTC_Terminate             0000000180008d64 f   MSVCRT:initsect.obj
 0001:00007db0       _guard_check_icall_nop     0000000180008db0 f i MSVCRT:guard_support.obj
 0001:00007db4       ReadNoFence64              0000000180008db4 f i MSVCRT:guard_support.obj
 0001:00007db8       ReadPointerNoFence         0000000180008db8 f i MSVCRT:guard_support.obj
 0001:00007dbc       __castguard_check_failure_debugbreak 0000000180008dbc f i MSVCRT:guard_support.obj
 0001:00007de0       __castguard_check_failure_fastfail 0000000180008de0 f i MSVCRT:guard_support.obj
 0001:00007e0c       __castguard_check_failure_nop 0000000180008e0c f i MSVCRT:guard_support.obj
 0001:00007e10       __castguard_check_failure_os_handled 0000000180008e10 f i MSVCRT:guard_support.obj
 0001:00007e84       __castguard_slow_path_check_debugbreak 0000000180008e84 f i MSVCRT:guard_support.obj
 0001:00007ec8       __castguard_slow_path_check_fastfail 0000000180008ec8 f i MSVCRT:guard_support.obj
 0001:00007f10       __castguard_slow_path_check_nop 0000000180008f10 f i MSVCRT:guard_support.obj
 0001:00007f14       __castguard_slow_path_check_os_handled 0000000180008f14 f i MSVCRT:guard_support.obj
 0001:00007fa0       _guard_icall_checks_enforced 0000000180008fa0 f i MSVCRT:guard_support.obj
 0001:00007fbc       _guard_rf_checks_enforced  0000000180008fbc f i MSVCRT:guard_support.obj
 0001:00007fc0       __isa_available_init       0000000180008fc0 f   MSVCRT:cpu_disp.obj
 0001:000081cc       _get_startup_argv_mode     00000001800091cc f   MSVCRT:argv_mode.obj
 0001:000081d4       __scrt_is_ucrt_dll_in_use  00000001800091d4 f   MSVCRT:ucrt_detection.obj
 0001:000081f0       FreeLibrary                00000001800091f0 f   kernel32:KERNEL32.dll
 0001:000081f6       GetProcAddress             00000001800091f6 f   kernel32:KERNEL32.dll
 0001:000081fc       LoadLibraryW               00000001800091fc f   kernel32:KERNEL32.dll
 0001:00008202       RtlCaptureContext          0000000180009202 f   kernel32:KERNEL32.dll
 0001:00008208       RtlLookupFunctionEntry     0000000180009208 f   kernel32:KERNEL32.dll
 0001:0000820e       RtlVirtualUnwind           000000018000920e f   kernel32:KERNEL32.dll
 0001:00008214       UnhandledExceptionFilter   0000000180009214 f   kernel32:KERNEL32.dll
 0001:0000821a       SetUnhandledExceptionFilter 000000018000921a f   kernel32:KERNEL32.dll
 0001:00008220       GetCurrentProcess          0000000180009220 f   kernel32:KERNEL32.dll
 0001:00008226       TerminateProcess           0000000180009226 f   kernel32:KERNEL32.dll
 0001:0000822c       IsProcessorFeaturePresent  000000018000922c f   kernel32:KERNEL32.dll
 0001:00008232       QueryPerformanceCounter    0000000180009232 f   kernel32:KERNEL32.dll
 0001:00008238       GetCurrentProcessId        0000000180009238 f   kernel32:KERNEL32.dll
 0001:0000823e       GetCurrentThreadId         000000018000923e f   kernel32:KERNEL32.dll
 0001:00008244       GetSystemTimeAsFileTime    0000000180009244 f   kernel32:KERNEL32.dll
 0001:0000824a       DisableThreadLibraryCalls  000000018000924a f   kernel32:KERNEL32.dll
 0001:00008250       InitializeSListHead        0000000180009250 f   kernel32:KERNEL32.dll
 0001:00008256       IsDebuggerPresent          0000000180009256 f   kernel32:KERNEL32.dll
 0001:0000825c       GetStartupInfoW            000000018000925c f   kernel32:KERNEL32.dll
 0001:00008262       GetModuleHandleW           0000000180009262 f   kernel32:KERNEL32.dll
 0001:00008268       __C_specific_handler       0000000180009268 f   vcruntime:VCRUNTIME140.dll
 0001:0000826e       __std_type_info_destroy_list 000000018000926e f   vcruntime:VCRUNTIME140.dll
 0001:00008274       __current_exception        0000000180009274 f   vcruntime:VCRUNTIME140.dll
 0001:0000827a       __current_exception_context 000000018000927a f   vcruntime:VCRUNTIME140.dll
 0001:00008280       memset                     0000000180009280 f   vcruntime:VCRUNTIME140.dll
 0001:00008286       sin                        0000000180009286 f   ucrt:api-ms-win-crt-math-l1-1-0.dll
 0001:0000828c       __stdio_common_vsscanf     000000018000928c f   ucrt:api-ms-win-crt-stdio-l1-1-0.dll
 0001:00008292       free                       0000000180009292 f   ucrt:api-ms-win-crt-heap-l1-1-0.dll
 0001:00008298       malloc                     0000000180009298 f   ucrt:api-ms-win-crt-heap-l1-1-0.dll
 0001:0000829e       strncmp                    000000018000929e f   ucrt:api-ms-win-crt-string-l1-1-0.dll
 0001:000082a4       __acrt_iob_func            00000001800092a4 f   ucrt:api-ms-win-crt-stdio-l1-1-0.dll
 0001:000082aa       __stdio_common_vfprintf    00000001800092aa f   ucrt:api-ms-win-crt-stdio-l1-1-0.dll
 0001:000082b0       _initterm                  00000001800092b0 f   ucrt:api-ms-win-crt-runtime-l1-1-0.dll
 0001:000082b6       _initterm_e                00000001800092b6 f   ucrt:api-ms-win-crt-runtime-l1-1-0.dll
 0001:000082bc       _seh_filter_dll            00000001800092bc f   ucrt:api-ms-win-crt-runtime-l1-1-0.dll
 0001:000082c2       _configure_narrow_argv     00000001800092c2 f   ucrt:api-ms-win-crt-runtime-l1-1-0.dll
 0001:000082c8       _initialize_narrow_environment 00000001800092c8 f   ucrt:api-ms-win-crt-runtime-l1-1-0.dll
 0001:000082ce       _initialize_onexit_table   00000001800092ce f   ucrt:api-ms-win-crt-runtime-l1-1-0.dll
 0001:000082d4       _register_onexit_function  00000001800092d4 f   ucrt:api-ms-win-crt-runtime-l1-1-0.dll
 0001:000082da       _execute_onexit_table      00000001800092da f   ucrt:api-ms-win-crt-runtime-l1-1-0.dll
 0001:000082e0       _crt_atexit                00000001800092e0 f   ucrt:api-ms-win-crt-runtime-l1-1-0.dll
 0001:000082e6       _crt_at_quick_exit         00000001800092e6 f   ucrt:api-ms-win-crt-runtime-l1-1-0.dll
 0001:000082ec       _cexit                     00000001800092ec f   ucrt:api-ms-win-crt-runtime-l1-1-0.dll
 0001:000082f2       terminate                  00000001800092f2 f   ucrt:api-ms-win-crt-runtime-l1-1-0.dll
 0001:000082f8       __vcrt_initialize          00000001800092f8 f   MSVCRT:ucrt_stubs.obj
 0001:000082f8       __acrt_initialize          00000001800092f8 f   MSVCRT:ucrt_stubs.obj
 0001:000082f8       __scrt_stub_for_acrt_initialize 00000001800092f8 f   MSVCRT:ucrt_stubs.obj
 0001:000082fc       __acrt_thread_attach       00000001800092fc f   MSVCRT:ucrt_stubs.obj
 0001:000082fc       __vcrt_thread_attach       00000001800092fc f   MSVCRT:ucrt_stubs.obj
 0001:000082fc       __scrt_stub_for_acrt_thread_attach 00000001800092fc f   MSVCRT:ucrt_stubs.obj
 0001:00008300       __scrt_stub_for_acrt_thread_detach 0000000180009300 f   MSVCRT:ucrt_stubs.obj
 0001:00008300       __vcrt_thread_detach       0000000180009300 f   MSVCRT:ucrt_stubs.obj
 0001:00008300       __acrt_thread_detach       0000000180009300 f   MSVCRT:ucrt_stubs.obj
 0001:00008304       __vcrt_uninitialize        0000000180009304 f   MSVCRT:ucrt_stubs.obj
 0001:00008304       __scrt_stub_for_acrt_uninitialize 0000000180009304 f   MSVCRT:ucrt_stubs.obj
 0001:00008304       __acrt_uninitialize        0000000180009304 f   MSVCRT:ucrt_stubs.obj
 0001:00008308       __scrt_stub_for_acrt_uninitialize_critical 0000000180009308 f   MSVCRT:ucrt_stubs.obj
 0001:00008308       __vcrt_uninitialize_critical 0000000180009308 f   MSVCRT:ucrt_stubs.obj
 0001:00008308       __acrt_uninitialize_critical 0000000180009308 f   MSVCRT:ucrt_stubs.obj
 0001:0000830c       _is_c_termination_complete 000000018000930c f   MSVCRT:ucrt_stubs.obj
 0001:0000830c       __scrt_stub_for_is_c_termination_complete 000000018000930c f   MSVCRT:ucrt_stubs.obj
 0001:000094d0       _guard_dispatch_icall_nop  000000018000a4d0 f   MSVCRT:guard_dispatch.obj
 0001:000094f0       _guard_xfg_dispatch_icall_nop 000000018000a4f0 f   MSVCRT:guard_xfg_dispatch.obj
 0002:00000000       __xc_a                     000000018000d000     MSVCRT:initializers.obj
 0002:00000110       __xc_z                     000000018000d110     MSVCRT:initializers.obj
 0002:00000220       __xi_a                     000000018000d220     MSVCRT:initializers.obj
 0002:00000330       __xi_z                     000000018000d330     MSVCRT:initializers.obj
 0002:00000440       __xp_a                     000000018000d440     MSVCRT:initializers.obj
 0002:00000550       __xp_z                     000000018000d550     MSVCRT:initializers.obj
 0002:00000660       __xt_a                     000000018000d660     MSVCRT:initializers.obj
 0002:00000770       __xt_z                     000000018000d770     MSVCRT:initializers.obj
 0002:00000880       __real@40000000            000000018000d880     SGE.obj
 0002:00000888       __real@401921fb54442eea    000000018000d888     SGE.obj
 0002:00000894       __real@41000000            000000018000d894     SGE.obj
 0002:00000898       __real@42c80000            000000018000d898     SGE.obj
 0002:0000089c       __real@43800000            000000018000d89c     SGE.obj
 0002:000008a0       __real@c3480000            000000018000d8a0     SGE.obj
 0002:000008b0       __xmm@80000000800000008000000080000000 000000018000d8b0     SGE.obj
 0002:000008c8       _pRawDllMain               000000018000d8c8     MSVCRT:dll_dllmain.obj
 0002:000008c8       _pDefaultRawDllMain        000000018000d8c8     MSVCRT:dll_dllmain.obj
 0002:000008f0       __xmm@ffffffffffffffffffffffffffffffff 000000018000d8f0     MSVCRT:utility.obj
 0002:00000940       _load_config_used          000000018000d940     MSVCRT:loadcfg.obj
 0002:00000c00       __CastGuardVftablesStart   000000018000dc00     MSVCRT:guard_support.obj
 0002:00000d10       __CastGuardVftablesEnd     000000018000dd10     MSVCRT:guard_support.obj
 0002:00000f80       __rtc_iaa                  000000018000df80     MSVCRT:initsect.obj
 0002:00001090       __rtc_izz                  000000018000e090     MSVCRT:initsect.obj
 0002:000011a0       __rtc_taa                  000000018000e1a0     MSVCRT:initsect.obj
 0002:000012b0       __rtc_tzz                  000000018000e2b0     MSVCRT:initsect.obj
 0003:000059c0       __security_cookie_complement 00000001800149c0     MSVCRT:gs_cookie.obj
 0003:000059c8       __security_cookie          00000001800149c8     MSVCRT:gs_cookie.obj
 0003:000059d4       _fltused                   00000001800149d4     MSVCRT:fltused.obj
 0003:000059d8       __scrt_native_dllmain_reason 00000001800149d8     MSVCRT:utility.obj
 0003:000059e0       __isa_available            00000001800149e0     MSVCRT:cpu_disp.obj
 0003:000059e4       __isa_enabled              00000001800149e4     MSVCRT:cpu_disp.obj
 0003:000059e8       __memcpy_nt_iters          00000001800149e8     MSVCRT:cpu_disp.obj
 0003:000059f0       __memset_nt_iters          00000001800149f0     MSVCRT:cpu_disp.obj
 0003:00005a00       __scrt_ucrt_dll_is_in_use  0000000180014a00     MSVCRT:ucrt_stubs.obj
 0003:00005b28       glad_glObjectLabel         0000000180014b28     glad.obj
 0003:00005b30       glad_glGetObjectLabel      0000000180014b30     glad.obj
 0003:00005b38       glad_glObjectPtrLabel      0000000180014b38     glad.obj
 0003:00005b40       glad_glGetObjectPtrLabel   0000000180014b40     glad.obj
 0003:00005b48       glad_glGetPointerv         0000000180014b48     glad.obj
 0003:00005b50       GLAD_GL_VERSION_4_4        0000000180014b50     glad.obj
 0003:00005b54       GLAD_GL_VERSION_4_5        0000000180014b54     glad.obj
 0003:00005b58       glad_glBufferStorage       0000000180014b58     glad.obj
 0003:00005b60       glad_glClearTexImage       0000000180014b60     glad.obj
 0003:00005b68       glad_glClearTexSubImage    0000000180014b68     glad.obj
 0003:00005b70       glad_glBindBuffersBase     0000000180014b70     glad.obj
 0003:00005b78       glad_glBindBuffersRange    0000000180014b78     glad.obj
 0003:00005b80       glad_glBindTextures        0000000180014b80     glad.obj
 0003:00005b88       glad_glBindSamplers        0000000180014b88     glad.obj
 0003:00005b90       glad_glBindImageTextures   0000000180014b90     glad.obj
 0003:00005b98       glad_glBindVertexBuffers   0000000180014b98     glad.obj
 0003:00005ba0       glad_glClipControl         0000000180014ba0     glad.obj
 0003:00005ba8       glad_glCreateTransformFeedbacks 0000000180014ba8     glad.obj
 0003:00005bb0       glad_glTransformFeedbackBufferBase 0000000180014bb0     glad.obj
 0003:00005bb8       glad_glTransformFeedbackBufferRange 0000000180014bb8     glad.obj
 0003:00005bc0       glad_glGetTransformFeedbackiv 0000000180014bc0     glad.obj
 0003:00005bc8       glad_glGetTransformFeedbacki_v 0000000180014bc8     glad.obj
 0003:00005bd0       glad_glGetTransformFeedbacki64_v 0000000180014bd0     glad.obj
 0003:00005bd8       glad_glCreateBuffers       0000000180014bd8     glad.obj
 0003:00005be0       glad_glNamedBufferStorage  0000000180014be0     glad.obj
 0003:00005be8       glad_glNamedBufferData     0000000180014be8     glad.obj
 0003:00005bf0       glad_glNamedBufferSubData  0000000180014bf0     glad.obj
 0003:00005bf8       glad_glCopyNamedBufferSubData 0000000180014bf8     glad.obj
 0003:00005c00       glad_glClearNamedBufferData 0000000180014c00     glad.obj
 0003:00005c08       glad_glClearNamedBufferSubData 0000000180014c08     glad.obj
 0003:00005c10       glad_glMapNamedBuffer      0000000180014c10     glad.obj
 0003:00005c18       glad_glMapNamedBufferRange 0000000180014c18     glad.obj
 0003:00005c20       glad_glUnmapNamedBuffer    0000000180014c20     glad.obj
 0003:00005c28       glad_glFlushMappedNamedBufferRange 0000000180014c28     glad.obj
 0003:00005c30       glad_glGetNamedBufferParameteriv 0000000180014c30     glad.obj
 0003:00005c38       glad_glGetNamedBufferParameteri64v 0000000180014c38     glad.obj
 0003:00005c40       glad_glGetNamedBufferPointerv 0000000180014c40     glad.obj
 0003:00005c48       glad_glGetNamedBufferSubData 0000000180014c48     glad.obj
 0003:00005c50       glad_glCreateFramebuffers  0000000180014c50     glad.obj
 0003:00005c58       glad_glNamedFramebufferRenderbuffer 0000000180014c58     glad.obj
 0003:00005c60       glad_glNamedFramebufferParameteri 0000000180014c60     glad.obj
 0003:00005c68       glad_glNamedFramebufferTexture 0000000180014c68     glad.obj
 0003:00005c70       glad_glNamedFramebufferTextureLayer 0000000180014c70     glad.obj
 0003:00005c78       glad_glNamedFramebufferDrawBuffer 0000000180014c78     glad.obj
 0003:00005c80       glad_glNamedFramebufferDrawBuffers 0000000180014c80     glad.obj
 0003:00005c88       glad_glNamedFramebufferReadBuffer 0000000180014c88     glad.obj
 0003:00005c90       glad_glInvalidateNamedFramebufferData 0000000180014c90     glad.obj
 0003:00005c98       glad_glInvalidateNamedFramebufferSubData 0000000180014c98     glad.obj
 0003:00005ca0       glad_glClearNamedFramebufferiv 0000000180014ca0     glad.obj
 0003:00005ca8       glad_glClearNamedFramebufferuiv 0000000180014ca8     glad.obj
 0003:00005cb0       glad_glClearNamedFramebufferfv 0000000180014cb0     glad.obj
 0003:00005cb8       glad_glClearNamedFramebufferfi 0000000180014cb8     glad.obj
 0003:00005cc0       glad_glBlitNamedFramebuffer 0000000180014cc0     glad.obj
 0003:00005cc8       glad_glCheckNamedFramebufferStatus 0000000180014cc8     glad.obj
 0003:00005cd0       glad_glGetNamedFramebufferParameteriv 0000000180014cd0     glad.obj
 0003:00005cd8       glad_glGetNamedFramebufferAttachmentParameteriv 0000000180014cd8     glad.obj
 0003:00005ce0       glad_glCreateRenderbuffers 0000000180014ce0     glad.obj
 0003:00005ce8       glad_glNamedRenderbufferStorage 0000000180014ce8     glad.obj
 0003:00005cf0       glad_glNamedRenderbufferStorageMultisample 0000000180014cf0     glad.obj
 0003:00005cf8       glad_glGetNamedRenderbufferParameteriv 0000000180014cf8     glad.obj
 0003:00005d00       glad_glCreateTextures      0000000180014d00     glad.obj
 0003:00005d08       glad_glTextureBuffer       0000000180014d08     glad.obj
 0003:00005d10       glad_glTextureBufferRange  0000000180014d10     glad.obj
 0003:00005d18       glad_glTextureStorage1D    0000000180014d18     glad.obj
 0003:00005d20       glad_glTextureStorage2D    0000000180014d20     glad.obj
 0003:00005d28       glad_glTextureStorage3D    0000000180014d28     glad.obj
 0003:00005d30       glad_glTextureStorage2DMultisample 0000000180014d30     glad.obj
 0003:00005d38       glad_glTextureStorage3DMultisample 0000000180014d38     glad.obj
 0003:00005d40       glad_glTextureSubImage1D   0000000180014d40     glad.obj
 0003:00005d48       glad_glTextureSubImage2D   0000000180014d48     glad.obj
 0003:00005d50       glad_glTextureSubImage3D   0000000180014d50     glad.obj
 0003:00005d58       glad_glCompressedTextureSubImage1D 0000000180014d58     glad.obj
 0003:00005d60       glad_glCompressedTextureSubImage2D 0000000180014d60     glad.obj
 0003:00005d68       glad_glCompressedTextureSubImage3D 0000000180014d68     glad.obj
 0003:00005d70       glad_glCopyTextureSubImage1D 0000000180014d70     glad.obj
 0003:00005d78       glad_glCopyTextureSubImage2D 0000000180014d78     glad.obj
 0003:00005d80       glad_glCopyTextureSubImage3D 0000000180014d80     glad.obj
 0003:00005d88       glad_glTextureParameterf   0000000180014d88     glad.obj
 0003:00005d90       glad_glTextureParameterfv  0000000180014d90     glad.obj
 0003:00005d98       glad_glTextureParameteri   0000000180014d98     glad.obj
 0003:00005da0       glad_glTextureParameterIiv 0000000180014da0     glad.obj
 0003:00005da8       glad_glTextureParameterIuiv 0000000180014da8     glad.obj
 0003:00005db0       glad_glTextureParameteriv  0000000180014db0     glad.obj
 0003:00005db8       glad_glGenerateTextureMipmap 0000000180014db8     glad.obj
 0003:00005dc0       glad_glBindTextureUnit     0000000180014dc0     glad.obj
 0003:00005dc8       glad_glGetTextureImage     0000000180014dc8     glad.obj
 0003:00005dd0       glad_glGetCompressedTextureImage 0000000180014dd0     glad.obj
 0003:00005dd8       glad_glGetTextureLevelParameterfv 0000000180014dd8     glad.obj
 0003:00005de0       glad_glGetTextureLevelParameteriv 0000000180014de0     glad.obj
 0003:00005de8       glad_glGetTextureParameterfv 0000000180014de8     glad.obj
 0003:00005df0       glad_glGetTextureParameterIiv 0000000180014df0     glad.obj
 0003:00005df8       glad_glGetTextureParameterIuiv 0000000180014df8     glad.obj
 0003:00005e00       glad_glGetTextureParameteriv 0000000180014e00     glad.obj
 0003:00005e08       glad_glCreateVertexArrays  0000000180014e08     glad.obj
 0003:00005e10       glad_glDisableVertexArrayAttrib 0000000180014e10     glad.obj
 0003:00005e18       glad_glEnableVertexArrayAttrib 0000000180014e18     glad.obj
 0003:00005e20       glad_glVertexArrayElementBuffer 0000000180014e20     glad.obj
 0003:00005e28       glad_glVertexArrayVertexBuffer 0000000180014e28     glad.obj
 0003:00005e30       glad_glVertexArrayVertexBuffers 0000000180014e30     glad.obj
 0003:00005e38       glad_glVertexArrayAttribBinding 0000000180014e38     glad.obj
 0003:00005e40       glad_glVertexArrayAttribFormat 0000000180014e40     glad.obj
 0003:00005e48       glad_glVertexArrayAttribIFormat 0000000180014e48     glad.obj
 0003:00005e50       glad_glVertexArrayAttribLFormat 0000000180014e50     glad.obj
 0003:00005e58       glad_glVertexArrayBindingDivisor 0000000180014e58     glad.obj
 0003:00005e60       glad_glGetVertexArrayiv    0000000180014e60     glad.obj
 0003:00005e68       glad_glGetVertexArrayIndexediv 0000000180014e68     glad.obj
 0003:00005e70       glad_glGetVertexArrayIndexed64iv 0000000180014e70     glad.obj
 0003:00005e78       glad_glCreateSamplers      0000000180014e78     glad.obj
 0003:00005e80       glad_glCreateProgramPipelines 0000000180014e80     glad.obj
 0003:00005e88       glad_glCreateQueries       0000000180014e88     glad.obj
 0003:00005e90       glad_glGetQueryBufferObjecti64v 0000000180014e90     glad.obj
 0003:00005e98       glad_glGetQueryBufferObjectiv 0000000180014e98     glad.obj
 0003:00005ea0       glad_glGetQueryBufferObjectui64v 0000000180014ea0     glad.obj
 0003:00005ea8       glad_glGetQueryBufferObjectuiv 0000000180014ea8     glad.obj
 0003:00005eb0       glad_glMemoryBarrierByRegion 0000000180014eb0     glad.obj
 0003:00005eb8       glad_glGetTextureSubImage  0000000180014eb8     glad.obj
 0003:00005ec0       glad_glGetCompressedTextureSubImage 0000000180014ec0     glad.obj
 0003:00005ec8       glad_glGetGraphicsResetStatus 0000000180014ec8     glad.obj
 0003:00005ed0       glad_glGetnCompressedTexImage 0000000180014ed0     glad.obj
 0003:00005ed8       glad_glGetnTexImage        0000000180014ed8     glad.obj
 0003:00005ee0       glad_glGetnUniformdv       0000000180014ee0     glad.obj
 0003:00005ee8       glad_glGetnUniformfv       0000000180014ee8     glad.obj
 0003:00005ef0       glad_glGetnUniformiv       0000000180014ef0     glad.obj
 0003:00005ef8       glad_glGetnUniformuiv      0000000180014ef8     glad.obj
 0003:00005f00       glad_glReadnPixels         0000000180014f00     glad.obj
 0003:00005f08       glad_glGetnMapdv           0000000180014f08     glad.obj
 0003:00005f10       glad_glGetnMapfv           0000000180014f10     glad.obj
 0003:00005f18       glad_glGetnMapiv           0000000180014f18     glad.obj
 0003:00005f20       glad_glGetnPixelMapfv      0000000180014f20     glad.obj
 0003:00005f28       glad_glGetnPixelMapuiv     0000000180014f28     glad.obj
 0003:00005f30       glad_glGetnPixelMapusv     0000000180014f30     glad.obj
 0003:00005f38       glad_glGetnPolygonStipple  0000000180014f38     glad.obj
 0003:00005f40       glad_glGetnColorTable      0000000180014f40     glad.obj
 0003:00005f48       glad_glGetnConvolutionFilter 0000000180014f48     glad.obj
 0003:00005f50       glad_glGetnSeparableFilter 0000000180014f50     glad.obj
 0003:00005f58       glad_glGetnHistogram       0000000180014f58     glad.obj
 0003:00005f60       glad_glGetnMinmax          0000000180014f60     glad.obj
 0003:00005f68       glad_glTextureBarrier      0000000180014f68     glad.obj
 0003:00005f70       GLAD_GL_VERSION_4_6        0000000180014f70     glad.obj
 0003:00005f74       GLAD_GL_VERSION_1_0        0000000180014f74     glad.obj
 0003:00005f78       glad_glSpecializeShader    0000000180014f78     glad.obj
 0003:00005f80       glad_glMultiDrawArraysIndirectCount 0000000180014f80     glad.obj
 0003:00005f88       glad_glMultiDrawElementsIndirectCount 0000000180014f88     glad.obj
 0003:00005f90       glad_glPolygonOffsetClamp  0000000180014f90     glad.obj
 0003:00005f98       GLVersion                  0000000180014f98     glad.obj
 0003:00005fa0       glad_glCullFace            0000000180014fa0     glad.obj
 0003:00005fa8       glad_glFrontFace           0000000180014fa8     glad.obj
 0003:00005fb0       glad_glHint                0000000180014fb0     glad.obj
 0003:00005fb8       glad_glLineWidth           0000000180014fb8     glad.obj
 0003:00005fc0       glad_glPointSize           0000000180014fc0     glad.obj
 0003:00005fc8       glad_glPolygonMode         0000000180014fc8     glad.obj
 0003:00005fd0       glad_glScissor             0000000180014fd0     glad.obj
 0003:00005fd8       glad_glTexParameterf       0000000180014fd8     glad.obj
 0003:00005fe0       glad_glTexParameterfv      0000000180014fe0     glad.obj
 0003:00005fe8       glad_glTexParameteri       0000000180014fe8     glad.obj
 0003:00005ff0       glad_glTexParameteriv      0000000180014ff0     glad.obj
 0003:00005ff8       glad_glTexImage1D          0000000180014ff8     glad.obj
 0003:00006000       glad_glTexImage2D          0000000180015000     glad.obj
 0003:00006008       glad_glDrawBuffer          0000000180015008     glad.obj
 0003:00006010       glad_glClear               0000000180015010     glad.obj
 0003:00006018       glad_glClearColor          0000000180015018     glad.obj
 0003:00006020       glad_glClearStencil        0000000180015020     glad.obj
 0003:00006028       glad_glClearDepth          0000000180015028     glad.obj
 0003:00006030       glad_glStencilMask         0000000180015030     glad.obj
 0003:00006038       glad_glColorMask           0000000180015038     glad.obj
 0003:00006040       glad_glDepthMask           0000000180015040     glad.obj
 0003:00006048       glad_glDisable             0000000180015048     glad.obj
 0003:00006050       glad_glEnable              0000000180015050     glad.obj
 0003:00006058       glad_glFinish              0000000180015058     glad.obj
 0003:00006060       glad_glFlush               0000000180015060     glad.obj
 0003:00006068       glad_glBlendFunc           0000000180015068     glad.obj
 0003:00006070       glad_glLogicOp             0000000180015070     glad.obj
 0003:00006078       glad_glStencilFunc         0000000180015078     glad.obj
 0003:00006080       glad_glStencilOp           0000000180015080     glad.obj
 0003:00006088       glad_glDepthFunc           0000000180015088     glad.obj
 0003:00006090       glad_glPixelStoref         0000000180015090     glad.obj
 0003:00006098       glad_glPixelStorei         0000000180015098     glad.obj
 0003:000060a0       glad_glReadBuffer          00000001800150a0     glad.obj
 0003:000060a8       glad_glReadPixels          00000001800150a8     glad.obj
 0003:000060b0       glad_glGetBooleanv         00000001800150b0     glad.obj
 0003:000060b8       glad_glGetDoublev          00000001800150b8     glad.obj
 0003:000060c0       glad_glGetError            00000001800150c0     glad.obj
 0003:000060c8       glad_glGetFloatv           00000001800150c8     glad.obj
 0003:000060d0       glad_glGetIntegerv         00000001800150d0     glad.obj
 0003:000060d8       glad_glGetString           00000001800150d8     glad.obj
 0003:000060e0       glad_glGetTexImage         00000001800150e0     glad.obj
 0003:000060e8       glad_glGetTexParameterfv   00000001800150e8     glad.obj
 0003:000060f0       glad_glGetTexParameteriv   00000001800150f0     glad.obj
 0003:000060f8       glad_glGetTexLevelParameterfv 00000001800150f8     glad.obj
 0003:00006100       glad_glGetTexLevelParameteriv 0000000180015100     glad.obj
 0003:00006108       glad_glIsEnabled           0000000180015108     glad.obj
 0003:00006110       glad_glDepthRange          0000000180015110     glad.obj
 0003:00006118       glad_glViewport            0000000180015118     glad.obj
 0003:00006120       GLAD_GL_VERSION_1_1        0000000180015120     glad.obj
 0003:00006124       GLAD_GL_VERSION_1_2        0000000180015124     glad.obj
 0003:00006128       glad_glDrawArrays          0000000180015128     glad.obj
 0003:00006130       glad_glDrawElements        0000000180015130     glad.obj
 0003:00006138       glad_glPolygonOffset       0000000180015138     glad.obj
 0003:00006140       glad_glCopyTexImage1D      0000000180015140     glad.obj
 0003:00006148       glad_glCopyTexImage2D      0000000180015148     glad.obj
 0003:00006150       glad_glCopyTexSubImage1D   0000000180015150     glad.obj
 0003:00006158       glad_glCopyTexSubImage2D   0000000180015158     glad.obj
 0003:00006160       glad_glTexSubImage1D       0000000180015160     glad.obj
 0003:00006168       glad_glTexSubImage2D       0000000180015168     glad.obj
 0003:00006170       glad_glBindTexture         0000000180015170     glad.obj
 0003:00006178       glad_glDeleteTextures      0000000180015178     glad.obj
 0003:00006180       glad_glGenTextures         0000000180015180     glad.obj
 0003:00006188       glad_glIsTexture           0000000180015188     glad.obj
 0003:00006190       glad_glDrawRangeElements   0000000180015190     glad.obj
 0003:00006198       glad_glTexImage3D          0000000180015198     glad.obj
 0003:000061a0       glad_glTexSubImage3D       00000001800151a0     glad.obj
 0003:000061a8       glad_glCopyTexSubImage3D   00000001800151a8     glad.obj
 0003:000061b0       GLAD_GL_VERSION_1_3        00000001800151b0     glad.obj
 0003:000061b4       GLAD_GL_VERSION_1_4        00000001800151b4     glad.obj
 0003:000061b8       glad_glActiveTexture       00000001800151b8     glad.obj
 0003:000061c0       glad_glSampleCoverage      00000001800151c0     glad.obj
 0003:000061c8       glad_glCompressedTexImage3D 00000001800151c8     glad.obj
 0003:000061d0       glad_glCompressedTexImage2D 00000001800151d0     glad.obj
 0003:000061d8       glad_glCompressedTexImage1D 00000001800151d8     glad.obj
 0003:000061e0       glad_glCompressedTexSubImage3D 00000001800151e0     glad.obj
 0003:000061e8       glad_glCompressedTexSubImage2D 00000001800151e8     glad.obj
 0003:000061f0       glad_glCompressedTexSubImage1D 00000001800151f0     glad.obj
 0003:000061f8       glad_glGetCompressedTexImage 00000001800151f8     glad.obj
 0003:00006200       glad_glBlendFuncSeparate   0000000180015200     glad.obj
 0003:00006208       glad_glMultiDrawArrays     0000000180015208     glad.obj
 0003:00006210       glad_glMultiDrawElements   0000000180015210     glad.obj
 0003:00006218       glad_glPointParameterf     0000000180015218     glad.obj
 0003:00006220       glad_glPointParameterfv    0000000180015220     glad.obj
 0003:00006228       glad_glPointParameteri     0000000180015228     glad.obj
 0003:00006230       glad_glPointParameteriv    0000000180015230     glad.obj
 0003:00006238       glad_glBlendColor          0000000180015238     glad.obj
 0003:00006240       glad_glBlendEquation       0000000180015240     glad.obj
 0003:00006248       GLAD_GL_VERSION_1_5        0000000180015248     glad.obj
 0003:0000624c       GLAD_GL_VERSION_2_0        000000018001524c     glad.obj
 0003:00006250       glad_glGenQueries          0000000180015250     glad.obj
 0003:00006258       glad_glDeleteQueries       0000000180015258     glad.obj
 0003:00006260       glad_glIsQuery             0000000180015260     glad.obj
 0003:00006268       glad_glBeginQuery          0000000180015268     glad.obj
 0003:00006270       glad_glEndQuery            0000000180015270     glad.obj
 0003:00006278       glad_glGetQueryiv          0000000180015278     glad.obj
 0003:00006280       glad_glGetQueryObjectiv    0000000180015280     glad.obj
 0003:00006288       glad_glGetQueryObjectuiv   0000000180015288     glad.obj
 0003:00006290       glad_glBindBuffer          0000000180015290     glad.obj
 0003:00006298       glad_glDeleteBuffers       0000000180015298     glad.obj
 0003:000062a0       glad_glGenBuffers          00000001800152a0     glad.obj
 0003:000062a8       glad_glIsBuffer            00000001800152a8     glad.obj
 0003:000062b0       glad_glBufferData          00000001800152b0     glad.obj
 0003:000062b8       glad_glBufferSubData       00000001800152b8     glad.obj
 0003:000062c0       glad_glGetBufferSubData    00000001800152c0     glad.obj
 0003:000062c8       glad_glMapBuffer           00000001800152c8     glad.obj
 0003:000062d0       glad_glUnmapBuffer         00000001800152d0     glad.obj
 0003:000062d8       glad_glGetBufferParameteriv 00000001800152d8     glad.obj
 0003:000062e0       glad_glGetBufferPointerv   00000001800152e0     glad.obj
 0003:000062e8       glad_glBlendEquationSeparate 00000001800152e8     glad.obj
 0003:000062f0       glad_glDrawBuffers         00000001800152f0     glad.obj
 0003:000062f8       glad_glStencilOpSeparate   00000001800152f8     glad.obj
 0003:00006300       glad_glStencilFuncSeparate 0000000180015300     glad.obj
 0003:00006308       glad_glStencilMaskSeparate 0000000180015308     glad.obj
 0003:00006310       glad_glAttachShader        0000000180015310     glad.obj
 0003:00006318       glad_glBindAttribLocation  0000000180015318     glad.obj
 0003:00006320       glad_glCompileShader       0000000180015320     glad.obj
 0003:00006328       glad_glCreateProgram       0000000180015328     glad.obj
 0003:00006330       glad_glCreateShader        0000000180015330     glad.obj
 0003:00006338       glad_glDeleteProgram       0000000180015338     glad.obj
 0003:00006340       glad_glDeleteShader        0000000180015340     glad.obj
 0003:00006348       glad_glDetachShader        0000000180015348     glad.obj
 0003:00006350       glad_glDisableVertexAttribArray 0000000180015350     glad.obj
 0003:00006358       glad_glEnableVertexAttribArray 0000000180015358     glad.obj
 0003:00006360       glad_glGetActiveAttrib     0000000180015360     glad.obj
 0003:00006368       glad_glGetActiveUniform    0000000180015368     glad.obj
 0003:00006370       glad_glGetAttachedShaders  0000000180015370     glad.obj
 0003:00006378       glad_glGetAttribLocation   0000000180015378     glad.obj
 0003:00006380       glad_glGetProgramiv        0000000180015380     glad.obj
 0003:00006388       glad_glGetProgramInfoLog   0000000180015388     glad.obj
 0003:00006390       glad_glGetShaderiv         0000000180015390     glad.obj
 0003:00006398       glad_glGetShaderInfoLog    0000000180015398     glad.obj
 0003:000063a0       glad_glGetShaderSource     00000001800153a0     glad.obj
 0003:000063a8       glad_glGetUniformLocation  00000001800153a8     glad.obj
 0003:000063b0       glad_glGetUniformfv        00000001800153b0     glad.obj
 0003:000063b8       glad_glGetUniformiv        00000001800153b8     glad.obj
 0003:000063c0       glad_glGetVertexAttribdv   00000001800153c0     glad.obj
 0003:000063c8       glad_glGetVertexAttribfv   00000001800153c8     glad.obj
 0003:000063d0       glad_glGetVertexAttribiv   00000001800153d0     glad.obj
 0003:000063d8       glad_glGetVertexAttribPointerv 00000001800153d8     glad.obj
 0003:000063e0       glad_glIsProgram           00000001800153e0     glad.obj
 0003:000063e8       glad_glIsShader            00000001800153e8     glad.obj
 0003:000063f0       glad_glLinkProgram         00000001800153f0     glad.obj
 0003:000063f8       glad_glShaderSource        00000001800153f8     glad.obj
 0003:00006400       glad_glUseProgram          0000000180015400     glad.obj
 0003:00006408       glad_glUniform1f           0000000180015408     glad.obj
 0003:00006410       glad_glUniform2f           0000000180015410     glad.obj
 0003:00006418       glad_glUniform3f           0000000180015418     glad.obj
 0003:00006420       glad_glUniform4f           0000000180015420     glad.obj
 0003:00006428       glad_glUniform1i           0000000180015428     glad.obj
 0003:00006430       glad_glUniform2i           0000000180015430     glad.obj
 0003:00006438       glad_glUniform3i           0000000180015438     glad.obj
 0003:00006440       glad_glUniform4i           0000000180015440     glad.obj
 0003:00006448       glad_glUniform1fv          0000000180015448     glad.obj
 0003:00006450       glad_glUniform2fv          0000000180015450     glad.obj
 0003:00006458       glad_glUniform3fv          0000000180015458     glad.obj
 0003:00006460       glad_glUniform4fv          0000000180015460     glad.obj
 0003:00006468       glad_glUniform1iv          0000000180015468     glad.obj
 0003:00006470       glad_glUniform2iv          0000000180015470     glad.obj
 0003:00006478       glad_glUniform3iv          0000000180015478     glad.obj
 0003:00006480       glad_glUniform4iv          0000000180015480     glad.obj
 0003:00006488       glad_glUniformMatrix2fv    0000000180015488     glad.obj
 0003:00006490       glad_glUniformMatrix3fv    0000000180015490     glad.obj
 0003:00006498       glad_glUniformMatrix4fv    0000000180015498     glad.obj
 0003:000064a0       glad_glValidateProgram     00000001800154a0     glad.obj
 0003:000064a8       glad_glVertexAttrib1d      00000001800154a8     glad.obj
 0003:000064b0       glad_glVertexAttrib1dv     00000001800154b0     glad.obj
 0003:000064b8       glad_glVertexAttrib1f      00000001800154b8     glad.obj
 0003:000064c0       glad_glVertexAttrib1fv     00000001800154c0     glad.obj
 0003:000064c8       glad_glVertexAttrib1s      00000001800154c8     glad.obj
 0003:000064d0       glad_glVertexAttrib1sv     00000001800154d0     glad.obj
 0003:000064d8       glad_glVertexAttrib2d      00000001800154d8     glad.obj
 0003:000064e0       glad_glVertexAttrib2dv     00000001800154e0     glad.obj
 0003:000064e8       glad_glVertexAttrib2f      00000001800154e8     glad.obj
 0003:000064f0       glad_glVertexAttrib2fv     00000001800154f0     glad.obj
 0003:000064f8       glad_glVertexAttrib2s      00000001800154f8     glad.obj
 0003:00006500       glad_glVertexAttrib2sv     0000000180015500     glad.obj
 0003:00006508       glad_glVertexAttrib3d      0000000180015508     glad.obj
 0003:00006510       glad_glVertexAttrib3dv     0000000180015510     glad.obj
 0003:00006518       glad_glVertexAttrib3f      0000000180015518     glad.obj
 0003:00006520       glad_glVertexAttrib3fv     0000000180015520     glad.obj
 0003:00006528       glad_glVertexAttrib3s      0000000180015528     glad.obj
 0003:00006530       glad_glVertexAttrib3sv     0000000180015530     glad.obj
 0003:00006538       glad_glVertexAttrib4Nbv    0000000180015538     glad.obj
 0003:00006540       glad_glVertexAttrib4Niv    0000000180015540     glad.obj
 0003:00006548       glad_glVertexAttrib4Nsv    0000000180015548     glad.obj
 0003:00006550       glad_glVertexAttrib4Nub    0000000180015550     glad.obj
 0003:00006558       glad_glVertexAttrib4Nubv   0000000180015558     glad.obj
 0003:00006560       glad_glVertexAttrib4Nuiv   0000000180015560     glad.obj
 0003:00006568       glad_glVertexAttrib4Nusv   0000000180015568     glad.obj
 0003:00006570       glad_glVertexAttrib4bv     0000000180015570     glad.obj
 0003:00006578       glad_glVertexAttrib4d      0000000180015578     glad.obj
 0003:00006580       glad_glVertexAttrib4dv     0000000180015580     glad.obj
 0003:00006588       glad_glVertexAttrib4f      0000000180015588     glad.obj
 0003:00006590       glad_glVertexAttrib4fv     0000000180015590     glad.obj
 0003:00006598       glad_glVertexAttrib4iv     0000000180015598     glad.obj
 0003:000065a0       glad_glVertexAttrib4s      00000001800155a0     glad.obj
 0003:000065a8       glad_glVertexAttrib4sv     00000001800155a8     glad.obj
 0003:000065b0       glad_glVertexAttrib4ubv    00000001800155b0     glad.obj
 0003:000065b8       glad_glVertexAttrib4uiv    00000001800155b8     glad.obj
 0003:000065c0       glad_glVertexAttrib4usv    00000001800155c0     glad.obj
 0003:000065c8       glad_glVertexAttribPointer 00000001800155c8     glad.obj
 0003:000065d0       GLAD_GL_VERSION_2_1        00000001800155d0     glad.obj
 0003:000065d4       GLAD_GL_VERSION_3_0        00000001800155d4     glad.obj
 0003:000065d8       glad_glUniformMatrix2x3fv  00000001800155d8     glad.obj
 0003:000065e0       glad_glUniformMatrix3x2fv  00000001800155e0     glad.obj
 0003:000065e8       glad_glUniformMatrix2x4fv  00000001800155e8     glad.obj
 0003:000065f0       glad_glUniformMatrix4x2fv  00000001800155f0     glad.obj
 0003:000065f8       glad_glUniformMatrix3x4fv  00000001800155f8     glad.obj
 0003:00006600       glad_glUniformMatrix4x3fv  0000000180015600     glad.obj
 0003:00006608       glad_glColorMaski          0000000180015608     glad.obj
 0003:00006610       glad_glGetBooleani_v       0000000180015610     glad.obj
 0003:00006618       glad_glGetIntegeri_v       0000000180015618     glad.obj
 0003:00006620       glad_glEnablei             0000000180015620     glad.obj
 0003:00006628       glad_glDisablei            0000000180015628     glad.obj
 0003:00006630       glad_glIsEnabledi          0000000180015630     glad.obj
 0003:00006638       glad_glBeginTransformFeedback 0000000180015638     glad.obj
 0003:00006640       glad_glEndTransformFeedback 0000000180015640     glad.obj
 0003:00006648       glad_glBindBufferRange     0000000180015648     glad.obj
 0003:00006650       glad_glBindBufferBase      0000000180015650     glad.obj
 0003:00006658       glad_glTransformFeedbackVaryings 0000000180015658     glad.obj
 0003:00006660       glad_glGetTransformFeedbackVarying 0000000180015660     glad.obj
 0003:00006668       glad_glClampColor          0000000180015668     glad.obj
 0003:00006670       glad_glBeginConditionalRender 0000000180015670     glad.obj
 0003:00006678       glad_glEndConditionalRender 0000000180015678     glad.obj
 0003:00006680       glad_glVertexAttribIPointer 0000000180015680     glad.obj
 0003:00006688       glad_glGetVertexAttribIiv  0000000180015688     glad.obj
 0003:00006690       glad_glGetVertexAttribIuiv 0000000180015690     glad.obj
 0003:00006698       glad_glVertexAttribI1i     0000000180015698     glad.obj
 0003:000066a0       glad_glVertexAttribI2i     00000001800156a0     glad.obj
 0003:000066a8       glad_glVertexAttribI3i     00000001800156a8     glad.obj
 0003:000066b0       glad_glVertexAttribI4i     00000001800156b0     glad.obj
 0003:000066b8       glad_glVertexAttribI1ui    00000001800156b8     glad.obj
 0003:000066c0       glad_glVertexAttribI2ui    00000001800156c0     glad.obj
 0003:000066c8       glad_glVertexAttribI3ui    00000001800156c8     glad.obj
 0003:000066d0       glad_glVertexAttribI4ui    00000001800156d0     glad.obj
 0003:000066d8       glad_glVertexAttribI1iv    00000001800156d8     glad.obj
 0003:000066e0       glad_glVertexAttribI2iv    00000001800156e0     glad.obj
 0003:000066e8       glad_glVertexAttribI3iv    00000001800156e8     glad.obj
 0003:000066f0       glad_glVertexAttribI4iv    00000001800156f0     glad.obj
 0003:000066f8       glad_glVertexAttribI1uiv   00000001800156f8     glad.obj
 0003:00006700       glad_glVertexAttribI2uiv   0000000180015700     glad.obj
 0003:00006708       glad_glVertexAttribI3uiv   0000000180015708     glad.obj
 0003:00006710       glad_glVertexAttribI4uiv   0000000180015710     glad.obj
 0003:00006718       glad_glVertexAttribI4bv    0000000180015718     glad.obj
 0003:00006720       glad_glVertexAttribI4sv    0000000180015720     glad.obj
 0003:00006728       glad_glVertexAttribI4ubv   0000000180015728     glad.obj
 0003:00006730       glad_glVertexAttribI4usv   0000000180015730     glad.obj
 0003:00006738       glad_glGetUniformuiv       0000000180015738     glad.obj
 0003:00006740       glad_glBindFragDataLocation 0000000180015740     glad.obj
 0003:00006748       glad_glGetFragDataLocation 0000000180015748     glad.obj
 0003:00006750       glad_glUniform1ui          0000000180015750     glad.obj
 0003:00006758       glad_glUniform2ui          0000000180015758     glad.obj
 0003:00006760       glad_glUniform3ui          0000000180015760     glad.obj
 0003:00006768       glad_glUniform4ui          0000000180015768     glad.obj
 0003:00006770       glad_glUniform1uiv         0000000180015770     glad.obj
 0003:00006778       glad_glUniform2uiv         0000000180015778     glad.obj
 0003:00006780       glad_glUniform3uiv         0000000180015780     glad.obj
 0003:00006788       glad_glUniform4uiv         0000000180015788     glad.obj
 0003:00006790       glad_glTexParameterIiv     0000000180015790     glad.obj
 0003:00006798       glad_glTexParameterIuiv    0000000180015798     glad.obj
 0003:000067a0       glad_glGetTexParameterIiv  00000001800157a0     glad.obj
 0003:000067a8       glad_glGetTexParameterIuiv 00000001800157a8     glad.obj
 0003:000067b0       glad_glClearBufferiv       00000001800157b0     glad.obj
 0003:000067b8       glad_glClearBufferuiv      00000001800157b8     glad.obj
 0003:000067c0       glad_glClearBufferfv       00000001800157c0     glad.obj
 0003:000067c8       glad_glClearBufferfi       00000001800157c8     glad.obj
 0003:000067d0       glad_glGetStringi          00000001800157d0     glad.obj
 0003:000067d8       glad_glIsRenderbuffer      00000001800157d8     glad.obj
 0003:000067e0       glad_glBindRenderbuffer    00000001800157e0     glad.obj
 0003:000067e8       glad_glDeleteRenderbuffers 00000001800157e8     glad.obj
 0003:000067f0       glad_glGenRenderbuffers    00000001800157f0     glad.obj
 0003:000067f8       glad_glRenderbufferStorage 00000001800157f8     glad.obj
 0003:00006800       glad_glGetRenderbufferParameteriv 0000000180015800     glad.obj
 0003:00006808       glad_glIsFramebuffer       0000000180015808     glad.obj
 0003:00006810       glad_glBindFramebuffer     0000000180015810     glad.obj
 0003:00006818       glad_glDeleteFramebuffers  0000000180015818     glad.obj
 0003:00006820       glad_glGenFramebuffers     0000000180015820     glad.obj
 0003:00006828       glad_glCheckFramebufferStatus 0000000180015828     glad.obj
 0003:00006830       glad_glFramebufferTexture1D 0000000180015830     glad.obj
 0003:00006838       glad_glFramebufferTexture2D 0000000180015838     glad.obj
 0003:00006840       glad_glFramebufferTexture3D 0000000180015840     glad.obj
 0003:00006848       glad_glFramebufferRenderbuffer 0000000180015848     glad.obj
 0003:00006850       glad_glGetFramebufferAttachmentParameteriv 0000000180015850     glad.obj
 0003:00006858       glad_glGenerateMipmap      0000000180015858     glad.obj
 0003:00006860       glad_glBlitFramebuffer     0000000180015860     glad.obj
 0003:00006868       glad_glRenderbufferStorageMultisample 0000000180015868     glad.obj
 0003:00006870       glad_glFramebufferTextureLayer 0000000180015870     glad.obj
 0003:00006878       glad_glMapBufferRange      0000000180015878     glad.obj
 0003:00006880       glad_glFlushMappedBufferRange 0000000180015880     glad.obj
 0003:00006888       glad_glBindVertexArray     0000000180015888     glad.obj
 0003:00006890       glad_glDeleteVertexArrays  0000000180015890     glad.obj
 0003:00006898       glad_glGenVertexArrays     0000000180015898     glad.obj
 0003:000068a0       glad_glIsVertexArray       00000001800158a0     glad.obj
 0003:000068a8       GLAD_GL_VERSION_3_1        00000001800158a8     glad.obj
 0003:000068ac       GLAD_GL_VERSION_3_2        00000001800158ac     glad.obj
 0003:000068b0       glad_glDrawArraysInstanced 00000001800158b0     glad.obj
 0003:000068b8       glad_glDrawElementsInstanced 00000001800158b8     glad.obj
 0003:000068c0       glad_glTexBuffer           00000001800158c0     glad.obj
 0003:000068c8       glad_glPrimitiveRestartIndex 00000001800158c8     glad.obj
 0003:000068d0       glad_glCopyBufferSubData   00000001800158d0     glad.obj
 0003:000068d8       glad_glGetUniformIndices   00000001800158d8     glad.obj
 0003:000068e0       glad_glGetActiveUniformsiv 00000001800158e0     glad.obj
 0003:000068e8       glad_glGetActiveUniformName 00000001800158e8     glad.obj
 0003:000068f0       glad_glGetUniformBlockIndex 00000001800158f0     glad.obj
 0003:000068f8       glad_glGetActiveUniformBlockiv 00000001800158f8     glad.obj
 0003:00006900       glad_glGetActiveUniformBlockName 0000000180015900     glad.obj
 0003:00006908       glad_glUniformBlockBinding 0000000180015908     glad.obj
 0003:00006910       glad_glDrawElementsBaseVertex 0000000180015910     glad.obj
 0003:00006918       glad_glDrawRangeElementsBaseVertex 0000000180015918     glad.obj
 0003:00006920       glad_glDrawElementsInstancedBaseVertex 0000000180015920     glad.obj
 0003:00006928       glad_glMultiDrawElementsBaseVertex 0000000180015928     glad.obj
 0003:00006930       glad_glProvokingVertex     0000000180015930     glad.obj
 0003:00006938       glad_glFenceSync           0000000180015938     glad.obj
 0003:00006940       glad_glIsSync              0000000180015940     glad.obj
 0003:00006948       glad_glDeleteSync          0000000180015948     glad.obj
 0003:00006950       glad_glClientWaitSync      0000000180015950     glad.obj
 0003:00006958       glad_glWaitSync            0000000180015958     glad.obj
 0003:00006960       glad_glGetInteger64v       0000000180015960     glad.obj
 0003:00006968       glad_glGetSynciv           0000000180015968     glad.obj
 0003:00006970       glad_glGetInteger64i_v     0000000180015970     glad.obj
 0003:00006978       glad_glGetBufferParameteri64v 0000000180015978     glad.obj
 0003:00006980       glad_glFramebufferTexture  0000000180015980     glad.obj
 0003:00006988       glad_glTexImage2DMultisample 0000000180015988     glad.obj
 0003:00006990       glad_glTexImage3DMultisample 0000000180015990     glad.obj
 0003:00006998       glad_glGetMultisamplefv    0000000180015998     glad.obj
 0003:000069a0       glad_glSampleMaski         00000001800159a0     glad.obj
 0003:000069a8       GLAD_GL_VERSION_3_3        00000001800159a8     glad.obj
 0003:000069ac       GLAD_GL_VERSION_4_0        00000001800159ac     glad.obj
 0003:000069b0       glad_glBindFragDataLocationIndexed 00000001800159b0     glad.obj
 0003:000069b8       glad_glGetFragDataIndex    00000001800159b8     glad.obj
 0003:000069c0       glad_glGenSamplers         00000001800159c0     glad.obj
 0003:000069c8       glad_glDeleteSamplers      00000001800159c8     glad.obj
 0003:000069d0       glad_glIsSampler           00000001800159d0     glad.obj
 0003:000069d8       glad_glBindSampler         00000001800159d8     glad.obj
 0003:000069e0       glad_glSamplerParameteri   00000001800159e0     glad.obj
 0003:000069e8       glad_glSamplerParameteriv  00000001800159e8     glad.obj
 0003:000069f0       glad_glSamplerParameterf   00000001800159f0     glad.obj
 0003:000069f8       glad_glSamplerParameterfv  00000001800159f8     glad.obj
 0003:00006a00       glad_glSamplerParameterIiv 0000000180015a00     glad.obj
 0003:00006a08       glad_glSamplerParameterIuiv 0000000180015a08     glad.obj
 0003:00006a10       glad_glGetSamplerParameteriv 0000000180015a10     glad.obj
 0003:00006a18       glad_glGetSamplerParameterIiv 0000000180015a18     glad.obj
 0003:00006a20       glad_glGetSamplerParameterfv 0000000180015a20     glad.obj
 0003:00006a28       glad_glGetSamplerParameterIuiv 0000000180015a28     glad.obj
 0003:00006a30       glad_glQueryCounter        0000000180015a30     glad.obj
 0003:00006a38       glad_glGetQueryObjecti64v  0000000180015a38     glad.obj
 0003:00006a40       glad_glGetQueryObjectui64v 0000000180015a40     glad.obj
 0003:00006a48       glad_glVertexAttribDivisor 0000000180015a48     glad.obj
 0003:00006a50       glad_glVertexAttribP1ui    0000000180015a50     glad.obj
 0003:00006a58       glad_glVertexAttribP1uiv   0000000180015a58     glad.obj
 0003:00006a60       glad_glVertexAttribP2ui    0000000180015a60     glad.obj
 0003:00006a68       glad_glVertexAttribP2uiv   0000000180015a68     glad.obj
 0003:00006a70       glad_glVertexAttribP3ui    0000000180015a70     glad.obj
 0003:00006a78       glad_glVertexAttribP3uiv   0000000180015a78     glad.obj
 0003:00006a80       glad_glVertexAttribP4ui    0000000180015a80     glad.obj
 0003:00006a88       glad_glVertexAttribP4uiv   0000000180015a88     glad.obj
 0003:00006a90       glad_glVertexP2ui          0000000180015a90     glad.obj
 0003:00006a98       glad_glVertexP2uiv         0000000180015a98     glad.obj
 0003:00006aa0       glad_glVertexP3ui          0000000180015aa0     glad.obj
 0003:00006aa8       glad_glVertexP3uiv         0000000180015aa8     glad.obj
 0003:00006ab0       glad_glVertexP4ui          0000000180015ab0     glad.obj
 0003:00006ab8       glad_glVertexP4uiv         0000000180015ab8     glad.obj
 0003:00006ac0       glad_glTexCoordP1ui        0000000180015ac0     glad.obj
 0003:00006ac8       glad_glTexCoordP1uiv       0000000180015ac8     glad.obj
 0003:00006ad0       glad_glTexCoordP2ui        0000000180015ad0     glad.obj
 0003:00006ad8       glad_glTexCoordP2uiv       0000000180015ad8     glad.obj
 0003:00006ae0       glad_glTexCoordP3ui        0000000180015ae0     glad.obj
 0003:00006ae8       glad_glTexCoordP3uiv       0000000180015ae8     glad.obj
 0003:00006af0       glad_glTexCoordP4ui        0000000180015af0     glad.obj
 0003:00006af8       glad_glTexCoordP4uiv       0000000180015af8     glad.obj
 0003:00006b00       glad_glMultiTexCoordP1ui   0000000180015b00     glad.obj
 0003:00006b08       glad_glMultiTexCoordP1uiv  0000000180015b08     glad.obj
 0003:00006b10       glad_glMultiTexCoordP2ui   0000000180015b10     glad.obj
 0003:00006b18       glad_glMultiTexCoordP2uiv  0000000180015b18     glad.obj
 0003:00006b20       glad_glMultiTexCoordP3ui   0000000180015b20     glad.obj
 0003:00006b28       glad_glMultiTexCoordP3uiv  0000000180015b28     glad.obj
 0003:00006b30       glad_glMultiTexCoordP4ui   0000000180015b30     glad.obj
 0003:00006b38       glad_glMultiTexCoordP4uiv  0000000180015b38     glad.obj
 0003:00006b40       glad_glNormalP3ui          0000000180015b40     glad.obj
 0003:00006b48       glad_glNormalP3uiv         0000000180015b48     glad.obj
 0003:00006b50       glad_glColorP3ui           0000000180015b50     glad.obj
 0003:00006b58       glad_glColorP3uiv          0000000180015b58     glad.obj
 0003:00006b60       glad_glColorP4ui           0000000180015b60     glad.obj
 0003:00006b68       glad_glColorP4uiv          0000000180015b68     glad.obj
 0003:00006b70       glad_glSecondaryColorP3ui  0000000180015b70     glad.obj
 0003:00006b78       glad_glSecondaryColorP3uiv 0000000180015b78     glad.obj
 0003:00006b80       glad_glMinSampleShading    0000000180015b80     glad.obj
 0003:00006b88       glad_glBlendEquationi      0000000180015b88     glad.obj
 0003:00006b90       glad_glBlendEquationSeparatei 0000000180015b90     glad.obj
 0003:00006b98       glad_glBlendFunci          0000000180015b98     glad.obj
 0003:00006ba0       glad_glBlendFuncSeparatei  0000000180015ba0     glad.obj
 0003:00006ba8       glad_glDrawArraysIndirect  0000000180015ba8     glad.obj
 0003:00006bb0       glad_glDrawElementsIndirect 0000000180015bb0     glad.obj
 0003:00006bb8       glad_glUniform1d           0000000180015bb8     glad.obj
 0003:00006bc0       glad_glUniform2d           0000000180015bc0     glad.obj
 0003:00006bc8       glad_glUniform3d           0000000180015bc8     glad.obj
 0003:00006bd0       glad_glUniform4d           0000000180015bd0     glad.obj
 0003:00006bd8       glad_glUniform1dv          0000000180015bd8     glad.obj
 0003:00006be0       glad_glUniform2dv          0000000180015be0     glad.obj
 0003:00006be8       glad_glUniform3dv          0000000180015be8     glad.obj
 0003:00006bf0       glad_glUniform4dv          0000000180015bf0     glad.obj
 0003:00006bf8       glad_glUniformMatrix2dv    0000000180015bf8     glad.obj
 0003:00006c00       glad_glUniformMatrix3dv    0000000180015c00     glad.obj
 0003:00006c08       glad_glUniformMatrix4dv    0000000180015c08     glad.obj
 0003:00006c10       glad_glUniformMatrix2x3dv  0000000180015c10     glad.obj
 0003:00006c18       glad_glUniformMatrix2x4dv  0000000180015c18     glad.obj
 0003:00006c20       glad_glUniformMatrix3x2dv  0000000180015c20     glad.obj
 0003:00006c28       glad_glUniformMatrix3x4dv  0000000180015c28     glad.obj
 0003:00006c30       glad_glUniformMatrix4x2dv  0000000180015c30     glad.obj
 0003:00006c38       glad_glUniformMatrix4x3dv  0000000180015c38     glad.obj
 0003:00006c40       glad_glGetUniformdv        0000000180015c40     glad.obj
 0003:00006c48       glad_glGetSubroutineUniformLocation 0000000180015c48     glad.obj
 0003:00006c50       glad_glGetSubroutineIndex  0000000180015c50     glad.obj
 0003:00006c58       glad_glGetActiveSubroutineUniformiv 0000000180015c58     glad.obj
 0003:00006c60       glad_glGetActiveSubroutineUniformName 0000000180015c60     glad.obj
 0003:00006c68       glad_glGetActiveSubroutineName 0000000180015c68     glad.obj
 0003:00006c70       glad_glUniformSubroutinesuiv 0000000180015c70     glad.obj
 0003:00006c78       glad_glGetUniformSubroutineuiv 0000000180015c78     glad.obj
 0003:00006c80       glad_glGetProgramStageiv   0000000180015c80     glad.obj
 0003:00006c88       glad_glPatchParameteri     0000000180015c88     glad.obj
 0003:00006c90       glad_glPatchParameterfv    0000000180015c90     glad.obj
 0003:00006c98       glad_glBindTransformFeedback 0000000180015c98     glad.obj
 0003:00006ca0       glad_glDeleteTransformFeedbacks 0000000180015ca0     glad.obj
 0003:00006ca8       glad_glGenTransformFeedbacks 0000000180015ca8     glad.obj
 0003:00006cb0       glad_glIsTransformFeedback 0000000180015cb0     glad.obj
 0003:00006cb8       glad_glPauseTransformFeedback 0000000180015cb8     glad.obj
 0003:00006cc0       glad_glResumeTransformFeedback 0000000180015cc0     glad.obj
 0003:00006cc8       glad_glDrawTransformFeedback 0000000180015cc8     glad.obj
 0003:00006cd0       glad_glDrawTransformFeedbackStream 0000000180015cd0     glad.obj
 0003:00006cd8       glad_glBeginQueryIndexed   0000000180015cd8     glad.obj
 0003:00006ce0       glad_glEndQueryIndexed     0000000180015ce0     glad.obj
 0003:00006ce8       glad_glGetQueryIndexediv   0000000180015ce8     glad.obj
 0003:00006cf0       GLAD_GL_VERSION_4_1        0000000180015cf0     glad.obj
 0003:00006cf4       GLAD_GL_VERSION_4_2        0000000180015cf4     glad.obj
 0003:00006cf8       glad_glReleaseShaderCompiler 0000000180015cf8     glad.obj
 0003:00006d00       glad_glShaderBinary        0000000180015d00     glad.obj
 0003:00006d08       glad_glGetShaderPrecisionFormat 0000000180015d08     glad.obj
 0003:00006d10       glad_glDepthRangef         0000000180015d10     glad.obj
 0003:00006d18       glad_glClearDepthf         0000000180015d18     glad.obj
 0003:00006d20       glad_glGetProgramBinary    0000000180015d20     glad.obj
 0003:00006d28       glad_glProgramBinary       0000000180015d28     glad.obj
 0003:00006d30       glad_glProgramParameteri   0000000180015d30     glad.obj
 0003:00006d38       glad_glUseProgramStages    0000000180015d38     glad.obj
 0003:00006d40       glad_glActiveShaderProgram 0000000180015d40     glad.obj
 0003:00006d48       glad_glCreateShaderProgramv 0000000180015d48     glad.obj
 0003:00006d50       glad_glBindProgramPipeline 0000000180015d50     glad.obj
 0003:00006d58       glad_glDeleteProgramPipelines 0000000180015d58     glad.obj
 0003:00006d60       glad_glGenProgramPipelines 0000000180015d60     glad.obj
 0003:00006d68       glad_glIsProgramPipeline   0000000180015d68     glad.obj
 0003:00006d70       glad_glGetProgramPipelineiv 0000000180015d70     glad.obj
 0003:00006d78       glad_glProgramUniform1i    0000000180015d78     glad.obj
 0003:00006d80       glad_glProgramUniform1iv   0000000180015d80     glad.obj
 0003:00006d88       glad_glProgramUniform1f    0000000180015d88     glad.obj
 0003:00006d90       glad_glProgramUniform1fv   0000000180015d90     glad.obj
 0003:00006d98       glad_glProgramUniform1d    0000000180015d98     glad.obj
 0003:00006da0       glad_glProgramUniform1dv   0000000180015da0     glad.obj
 0003:00006da8       glad_glProgramUniform1ui   0000000180015da8     glad.obj
 0003:00006db0       glad_glProgramUniform1uiv  0000000180015db0     glad.obj
 0003:00006db8       glad_glProgramUniform2i    0000000180015db8     glad.obj
 0003:00006dc0       glad_glProgramUniform2iv   0000000180015dc0     glad.obj
 0003:00006dc8       glad_glProgramUniform2f    0000000180015dc8     glad.obj
 0003:00006dd0       glad_glProgramUniform2fv   0000000180015dd0     glad.obj
 0003:00006dd8       glad_glProgramUniform2d    0000000180015dd8     glad.obj
 0003:00006de0       glad_glProgramUniform2dv   0000000180015de0     glad.obj
 0003:00006de8       glad_glProgramUniform2ui   0000000180015de8     glad.obj
 0003:00006df0       glad_glProgramUniform2uiv  0000000180015df0     glad.obj
 0003:00006df8       glad_glProgramUniform3i    0000000180015df8     glad.obj
 0003:00006e00       glad_glProgramUniform3iv   0000000180015e00     glad.obj
 0003:00006e08       glad_glProgramUniform3f    0000000180015e08     glad.obj
 0003:00006e10       glad_glProgramUniform3fv   0000000180015e10     glad.obj
 0003:00006e18       glad_glProgramUniform3d    0000000180015e18     glad.obj
 0003:00006e20       glad_glProgramUniform3dv   0000000180015e20     glad.obj
 0003:00006e28       glad_glProgramUniform3ui   0000000180015e28     glad.obj
 0003:00006e30       glad_glProgramUniform3uiv  0000000180015e30     glad.obj
 0003:00006e38       glad_glProgramUniform4i    0000000180015e38     glad.obj
 0003:00006e40       glad_glProgramUniform4iv   0000000180015e40     glad.obj
 0003:00006e48       glad_glProgramUniform4f    0000000180015e48     glad.obj
 0003:00006e50       glad_glProgramUniform4fv   0000000180015e50     glad.obj
 0003:00006e58       glad_glProgramUniform4d    0000000180015e58     glad.obj
 0003:00006e60       glad_glProgramUniform4dv   0000000180015e60     glad.obj
 0003:00006e68       glad_glProgramUniform4ui   0000000180015e68     glad.obj
 0003:00006e70       glad_glProgramUniform4uiv  0000000180015e70     glad.obj
 0003:00006e78       glad_glProgramUniformMatrix2fv 0000000180015e78     glad.obj
 0003:00006e80       glad_glProgramUniformMatrix3fv 0000000180015e80     glad.obj
 0003:00006e88       glad_glProgramUniformMatrix4fv 0000000180015e88     glad.obj
 0003:00006e90       glad_glProgramUniformMatrix2dv 0000000180015e90     glad.obj
 0003:00006e98       glad_glProgramUniformMatrix3dv 0000000180015e98     glad.obj
 0003:00006ea0       glad_glProgramUniformMatrix4dv 0000000180015ea0     glad.obj
 0003:00006ea8       glad_glProgramUniformMatrix2x3fv 0000000180015ea8     glad.obj
 0003:00006eb0       glad_glProgramUniformMatrix3x2fv 0000000180015eb0     glad.obj
 0003:00006eb8       glad_glProgramUniformMatrix2x4fv 0000000180015eb8     glad.obj
 0003:00006ec0       glad_glProgramUniformMatrix4x2fv 0000000180015ec0     glad.obj
 0003:00006ec8       glad_glProgramUniformMatrix3x4fv 0000000180015ec8     glad.obj
 0003:00006ed0       glad_glProgramUniformMatrix4x3fv 0000000180015ed0     glad.obj
 0003:00006ed8       glad_glProgramUniformMatrix2x3dv 0000000180015ed8     glad.obj
 0003:00006ee0       glad_glProgramUniformMatrix3x2dv 0000000180015ee0     glad.obj
 0003:00006ee8       glad_glProgramUniformMatrix2x4dv 0000000180015ee8     glad.obj
 0003:00006ef0       glad_glProgramUniformMatrix4x2dv 0000000180015ef0     glad.obj
 0003:00006ef8       glad_glProgramUniformMatrix3x4dv 0000000180015ef8     glad.obj
 0003:00006f00       glad_glProgramUniformMatrix4x3dv 0000000180015f00     glad.obj
 0003:00006f08       glad_glValidateProgramPipeline 0000000180015f08     glad.obj
 0003:00006f10       glad_glGetProgramPipelineInfoLog 0000000180015f10     glad.obj
 0003:00006f18       glad_glVertexAttribL1d     0000000180015f18     glad.obj
 0003:00006f20       glad_glVertexAttribL2d     0000000180015f20     glad.obj
 0003:00006f28       glad_glVertexAttribL3d     0000000180015f28     glad.obj
 0003:00006f30       glad_glVertexAttribL4d     0000000180015f30     glad.obj
 0003:00006f38       glad_glVertexAttribL1dv    0000000180015f38     glad.obj
 0003:00006f40       glad_glVertexAttribL2dv    0000000180015f40     glad.obj
 0003:00006f48       glad_glVertexAttribL3dv    0000000180015f48     glad.obj
 0003:00006f50       glad_glVertexAttribL4dv    0000000180015f50     glad.obj
 0003:00006f58       glad_glVertexAttribLPointer 0000000180015f58     glad.obj
 0003:00006f60       glad_glGetVertexAttribLdv  0000000180015f60     glad.obj
 0003:00006f68       glad_glViewportArrayv      0000000180015f68     glad.obj
 0003:00006f70       glad_glViewportIndexedf    0000000180015f70     glad.obj
 0003:00006f78       glad_glViewportIndexedfv   0000000180015f78     glad.obj
 0003:00006f80       glad_glScissorArrayv       0000000180015f80     glad.obj
 0003:00006f88       glad_glScissorIndexed      0000000180015f88     glad.obj
 0003:00006f90       glad_glScissorIndexedv     0000000180015f90     glad.obj
 0003:00006f98       glad_glDepthRangeArrayv    0000000180015f98     glad.obj
 0003:00006fa0       glad_glDepthRangeIndexed   0000000180015fa0     glad.obj
 0003:00006fa8       glad_glGetFloati_v         0000000180015fa8     glad.obj
 0003:00006fb0       glad_glGetDoublei_v        0000000180015fb0     glad.obj
 0003:00006fb8       glad_glDrawArraysInstancedBaseInstance 0000000180015fb8     glad.obj
 0003:00006fc0       glad_glDrawElementsInstancedBaseInstance 0000000180015fc0     glad.obj
 0003:00006fc8       glad_glDrawElementsInstancedBaseVertexBaseInstance 0000000180015fc8     glad.obj
 0003:00006fd0       glad_glGetInternalformativ 0000000180015fd0     glad.obj
 0003:00006fd8       glad_glGetActiveAtomicCounterBufferiv 0000000180015fd8     glad.obj
 0003:00006fe0       glad_glBindImageTexture    0000000180015fe0     glad.obj
 0003:00006fe8       glad_glMemoryBarrier       0000000180015fe8     glad.obj
 0003:00006ff0       glad_glTexStorage1D        0000000180015ff0     glad.obj
 0003:00006ff8       glad_glTexStorage2D        0000000180015ff8     glad.obj
 0003:00007000       glad_glTexStorage3D        0000000180016000     glad.obj
 0003:00007008       glad_glDrawTransformFeedbackInstanced 0000000180016008     glad.obj
 0003:00007010       glad_glDrawTransformFeedbackStreamInstanced 0000000180016010     glad.obj
 0003:00007018       GLAD_GL_VERSION_4_3        0000000180016018     glad.obj
 0003:00007020       glad_glClearBufferData     0000000180016020     glad.obj
 0003:00007028       glad_glClearBufferSubData  0000000180016028     glad.obj
 0003:00007030       glad_glDispatchCompute     0000000180016030     glad.obj
 0003:00007038       glad_glDispatchComputeIndirect 0000000180016038     glad.obj
 0003:00007040       glad_glCopyImageSubData    0000000180016040     glad.obj
 0003:00007048       glad_glFramebufferParameteri 0000000180016048     glad.obj
 0003:00007050       glad_glGetFramebufferParameteriv 0000000180016050     glad.obj
 0003:00007058       glad_glGetInternalformati64v 0000000180016058     glad.obj
 0003:00007060       glad_glInvalidateTexSubImage 0000000180016060     glad.obj
 0003:00007068       glad_glInvalidateTexImage  0000000180016068     glad.obj
 0003:00007070       glad_glInvalidateBufferSubData 0000000180016070     glad.obj
 0003:00007078       glad_glInvalidateBufferData 0000000180016078     glad.obj
 0003:00007080       glad_glInvalidateFramebuffer 0000000180016080     glad.obj
 0003:00007088       glad_glInvalidateSubFramebuffer 0000000180016088     glad.obj
 0003:00007090       glad_glMultiDrawArraysIndirect 0000000180016090     glad.obj
 0003:00007098       glad_glMultiDrawElementsIndirect 0000000180016098     glad.obj
 0003:000070a0       glad_glGetProgramInterfaceiv 00000001800160a0     glad.obj
 0003:000070a8       glad_glGetProgramResourceIndex 00000001800160a8     glad.obj
 0003:000070b0       glad_glGetProgramResourceName 00000001800160b0     glad.obj
 0003:000070b8       glad_glGetProgramResourceiv 00000001800160b8     glad.obj
 0003:000070c0       glad_glGetProgramResourceLocation 00000001800160c0     glad.obj
 0003:000070c8       glad_glGetProgramResourceLocationIndex 00000001800160c8     glad.obj
 0003:000070d0       glad_glShaderStorageBlockBinding 00000001800160d0     glad.obj
 0003:000070d8       glad_glTexBufferRange      00000001800160d8     glad.obj
 0003:000070e0       glad_glTexStorage2DMultisample 00000001800160e0     glad.obj
 0003:000070e8       glad_glTexStorage3DMultisample 00000001800160e8     glad.obj
 0003:000070f0       glad_glTextureView         00000001800160f0     glad.obj
 0003:000070f8       glad_glBindVertexBuffer    00000001800160f8     glad.obj
 0003:00007100       glad_glVertexAttribFormat  0000000180016100     glad.obj
 0003:00007108       glad_glVertexAttribIFormat 0000000180016108     glad.obj
 0003:00007110       glad_glVertexAttribLFormat 0000000180016110     glad.obj
 0003:00007118       glad_glVertexAttribBinding 0000000180016118     glad.obj
 0003:00007120       glad_glVertexBindingDivisor 0000000180016120     glad.obj
 0003:00007128       glad_glDebugMessageControl 0000000180016128     glad.obj
 0003:00007130       glad_glDebugMessageInsert  0000000180016130     glad.obj
 0003:00007138       glad_glDebugMessageCallback 0000000180016138     glad.obj
 0003:00007140       glad_glGetDebugMessageLog  0000000180016140     glad.obj
 0003:00007148       glad_glPushDebugGroup      0000000180016148     glad.obj
 0003:00007150       glad_glPopDebugGroup       0000000180016150     glad.obj
 0003:00007ca0       ?__type_info_root_node@@3U__type_info_node@@A 0000000180016ca0     MSVCRT:tncleanup.obj
 0003:00007cb8       ?_OptionsStorage@?1??__local_stdio_printf_options@@9@4_KA 0000000180016cb8     MSVCRT:default_local_stdio_options.obj
 0003:00007cc8       ?_OptionsStorage@?1??__local_stdio_scanf_options@@9@4_KA 0000000180016cc8     MSVCRT:default_local_stdio_options.obj
 0003:00007cd8       __scrt_current_native_startup_state 0000000180016cd8     MSVCRT:utility.obj
 0003:00007ce0       __scrt_native_startup_lock 0000000180016ce0     MSVCRT:utility.obj
 0003:00007d30       __scrt_debugger_hook_flag  0000000180016d30     MSVCRT:utility_desktop.obj
 0003:00007d38       __castguard_check_failure_os_handled_fptr 0000000180016d38     MSVCRT:guard_support.obj
 0003:00007d44       __favor                    0000000180016d44     MSVCRT:cpu_disp.obj
 0003:00007d48       ?_OptionsStorage@?1??__local_stdio_printf_options@@9@9 0000000180016d48     <common>
 0003:00007d60       ?_OptionsStorage@?1??__local_stdio_scanf_options@@9@9 0000000180016d60     <common>
 0003:00007d78       __dyn_tls_init_callback    0000000180016d78     <common>
 0005:00000000       __imp_FreeLibrary          0000000180018000     kernel32:KERNEL32.dll
 0005:00000008       __imp_GetProcAddress       0000000180018008     kernel32:KERNEL32.dll
 0005:00000010       __imp_LoadLibraryW         0000000180018010     kernel32:KERNEL32.dll
 0005:00000018       __imp_RtlCaptureContext    0000000180018018     kernel32:KERNEL32.dll
[...]
 0003:00003020       $SG107878                  0000000180012020     glad.obj
 0003:00003040       $SG107879                  0000000180012040     glad.obj
 0003:00003060       $SG107880                  0000000180012060     glad.obj
 0003:00003078       $SG107881                  0000000180012078     glad.obj
 0003:00003098       $SG107882                  0000000180012098     glad.obj
 0003:000030c0       $SG107883                  00000001800120c0     glad.obj
 0003:000030e0       $SG107884                  00000001800120e0     glad.obj
 0003:000030f8       $SG107885                  00000001800120f8     glad.obj
 0003:00003118       $SG107886                  0000000180012118     glad.obj
 0003:00003138       $SG107887                  0000000180012138     glad.obj
 0003:00003148       $SG107888                  0000000180012148     glad.obj
 0003:00003160       $SG107889                  0000000180012160     glad.obj
 0003:00003178       $SG107890                  0000000180012178     glad.obj
 0003:00003190       $SG107891                  0000000180012190     glad.obj
 0003:000031a8       $SG107892                  00000001800121a8     glad.obj
 0003:000031c0       $SG107893                  00000001800121c0     glad.obj
 0003:000031d8       $SG107894                  00000001800121d8     glad.obj
 0003:000031f0       $SG107895                  00000001800121f0     glad.obj
 0003:00003208       $SG107896                  0000000180012208     glad.obj
 0003:00003220       $SG107897                  0000000180012220     glad.obj
 0003:00003238       $SG107898                  0000000180012238     glad.obj
 0003:00003250       $SG107899                  0000000180012250     glad.obj
 0003:00003260       $SG107900                  0000000180012260     glad.obj
 0003:00003270       $SG107901                  0000000180012270     glad.obj
 0003:00003288       $SG107902                  0000000180012288     glad.obj
 0003:000032a0       $SG107903                  00000001800122a0     glad.obj
 0003:000032b8       $SG107904                  00000001800122b8     glad.obj
 0003:000032c8       $SG107919                  00000001800122c8     glad.obj
 0003:000032d8       $SG107920                  00000001800122d8     glad.obj
 0003:000032e8       $SG107921                  00000001800122e8     glad.obj
 0003:00003300       $SG107922                  0000000180012300     glad.obj
 0003:00003318       $SG107923                  0000000180012318     glad.obj
 0003:00003330       $SG107924                  0000000180012330     glad.obj
 0003:00003340       $SG107925                  0000000180012340     glad.obj
 0003:00003350       $SG107926                  0000000180012350     glad.obj
 0003:00003368       $SG107927                  0000000180012368     glad.obj
 0003:00003380       $SG108055                  0000000180012380     glad.obj
 0003:00003390       $SG108056                  0000000180012390     glad.obj
 0003:000033b0       $SG108057                  00000001800123b0     glad.obj
 0003:000033d0       $SG108058                  00000001800123d0     glad.obj
 0003:000033f0       $SG108059                  00000001800123f0     glad.obj
 0003:00003410       $SG108060                  0000000180012410     glad.obj
 0003:00003430       $SG108061                  0000000180012430     glad.obj
 0003:00003450       $SG108062                  0000000180012450     glad.obj
 0003:00003460       $SG108063                  0000000180012460     glad.obj
 0003:00003478       $SG108064                  0000000180012478     glad.obj
 0003:00003490       $SG108065                  0000000180012490     glad.obj
 0003:000034a8       $SG108066                  00000001800124a8     glad.obj
 0003:000034c8       $SG108067                  00000001800124c8     glad.obj
 0003:000034e0       $SG108068                  00000001800124e0     glad.obj
 0003:00003500       $SG108069                  0000000180012500     glad.obj
 0003:00003518       $SG108070                  0000000180012518     glad.obj
 0003:00003530       $SG108071                  0000000180012530     glad.obj
 0003:00003548       $SG108072                  0000000180012548     glad.obj
 0003:00003568       $SG108073                  0000000180012568     glad.obj
 0003:00003588       $SG108074                  0000000180012588     glad.obj
 0003:000035a8       $SG108075                  00000001800125a8     glad.obj
 0003:000035c8       $SG108076                  00000001800125c8     glad.obj
 0003:000035e0       $SG108077                  00000001800125e0     glad.obj
 0003:000035f8       $SG108078                  00000001800125f8     glad.obj
 0003:00003618       $SG108079                  0000000180012618     glad.obj
 0003:00003638       $SG108080                  0000000180012638     glad.obj
 0003:00003658       $SG108081                  0000000180012658     glad.obj
 0003:00003678       $SG108082                  0000000180012678     glad.obj
 0003:00003698       $SG108083                  0000000180012698     glad.obj
 0003:000036b8       $SG108084                  00000001800126b8     glad.obj
 0003:000036d8       $SG108085                  00000001800126d8     glad.obj
 0003:00003700       $SG108086                  0000000180012700     glad.obj
 0003:00003728       $SG108087                  0000000180012728     glad.obj
 0003:00003748       $SG108088                  0000000180012748     glad.obj
 0003:00003768       $SG108089                  0000000180012768     glad.obj
 0003:00003788       $SG108090                  0000000180012788     glad.obj
 0003:000037a8       $SG108091                  00000001800127a8     glad.obj
 0003:000037c0       $SG108092                  00000001800127c0     glad.obj
 0003:000037e0       $SG108093                  00000001800127e0     glad.obj
 0003:00003808       $SG108094                  0000000180012808     glad.obj
 0003:00003838       $SG108095                  0000000180012838     glad.obj
 0003:00003850       $SG108096                  0000000180012850     glad.obj
 0003:00003870       $SG108097                  0000000180012870     glad.obj
 0003:00003898       $SG108098                  0000000180012898     glad.obj
 0003:000038c0       $SG108099                  00000001800128c0     glad.obj
 0003:000038d8       $SG108100                  00000001800128d8     glad.obj
 0003:000038e8       $SG108101                  00000001800128e8     glad.obj
 0003:00003900       $SG108102                  0000000180012900     glad.obj
 0003:00003918       $SG108103                  0000000180012918     glad.obj
 0003:00003930       $SG108104                  0000000180012930     glad.obj
 0003:00003948       $SG108105                  0000000180012948     glad.obj
 0003:00003968       $SG108106                  0000000180012968     glad.obj
 0003:00003988       $SG108107                  0000000180012988     glad.obj
 0003:000039a0       $SG108108                  00000001800129a0     glad.obj
 0003:000039b8       $SG108109                  00000001800129b8     glad.obj
 0003:000039d0       $SG108110                  00000001800129d0     glad.obj
 0003:000039f0       $SG108111                  00000001800129f0     glad.obj
 0003:00003a10       $SG108112                  0000000180012a10     glad.obj
 0003:00003a30       $SG108113                  0000000180012a30     glad.obj
 0003:00003a48       $SG108114                  0000000180012a48     glad.obj
 0003:00003a60       $SG108115                  0000000180012a60     glad.obj
 0003:00003a78       $SG108116                  0000000180012a78     glad.obj
 0003:00003a90       $SG108117                  0000000180012a90     glad.obj
 0003:00003aa8       $SG108118                  0000000180012aa8     glad.obj
 0003:00003ac0       $SG108119                  0000000180012ac0     glad.obj
 0003:00003ad8       $SG108120                  0000000180012ad8     glad.obj
 0003:00003af0       $SG108121                  0000000180012af0     glad.obj
 0003:00003b08       $SG108122                  0000000180012b08     glad.obj
 0003:00003b20       $SG108123                  0000000180012b20     glad.obj
 0003:00003b38       $SG108124                  0000000180012b38     glad.obj
 0003:00003b50       $SG108125                  0000000180012b50     glad.obj
 0003:00003b70       $SG108126                  0000000180012b70     glad.obj
 0003:00003b90       $SG108127                  0000000180012b90     glad.obj
 0003:00003bb0       $SG108128                  0000000180012bb0     glad.obj
 0003:00003bc8       $SG108129                  0000000180012bc8     glad.obj
 0003:00003be8       $SG108130                  0000000180012be8     glad.obj
 0003:00003c08       $SG108131                  0000000180012c08     glad.obj
 0003:00003c20       $SG108132                  0000000180012c20     glad.obj
 0003:00003c38       $SG108133                  0000000180012c38     glad.obj
 0003:00003c58       $SG108134                  0000000180012c58     glad.obj
 0003:00003c78       $SG108135                  0000000180012c78     glad.obj
 0003:00003c98       $SG108136                  0000000180012c98     glad.obj
 0003:00003cb8       $SG108137                  0000000180012cb8     glad.obj
 0003:00003cd8       $SG108138                  0000000180012cd8     glad.obj
 0003:00003cf8       $SG108139                  0000000180012cf8     glad.obj
 0003:00003d18       $SG108140                  0000000180012d18     glad.obj
 0003:00003d38       $SG108141                  0000000180012d38     glad.obj
 0003:00003d58       $SG108142                  0000000180012d58     glad.obj
 0003:00003d78       $SG108143                  0000000180012d78     glad.obj
 0003:00003d90       $SG108144                  0000000180012d90     glad.obj
 0003:00003db0       $SG108145                  0000000180012db0     glad.obj
 0003:00003dd0       $SG108146                  0000000180012dd0     glad.obj
 0003:00003de8       $SG108147                  0000000180012de8     glad.obj
 0003:00003e08       $SG108148                  0000000180012e08     glad.obj
 0003:00003e18       $SG108149                  0000000180012e18     glad.obj
 0003:00003e38       $SG108150                  0000000180012e38     glad.obj
 0003:00003e58       $SG108151                  0000000180012e58     glad.obj
 0003:00003e78       $SG108152                  0000000180012e78     glad.obj
 0003:00003e98       $SG108153                  0000000180012e98     glad.obj
 0003:00003eb0       $SG108154                  0000000180012eb0     glad.obj
 0003:00003ec8       $SG108155                  0000000180012ec8     glad.obj
 0003:00003ee8       $SG108156                  0000000180012ee8     glad.obj
 0003:00003f08       $SG108157                  0000000180012f08     glad.obj
 0003:00003f28       $SG108158                  0000000180012f28     glad.obj
 0003:00003f38       $SG108159                  0000000180012f38     glad.obj
 0003:00003f48       $SG108160                  0000000180012f48     glad.obj
 0003:00003f58       $SG108161                  0000000180012f58     glad.obj
 0003:00003f68       $SG108162                  0000000180012f68     glad.obj
 0003:00003f80       $SG108163                  0000000180012f80     glad.obj
 0003:00003f90       $SG108164                  0000000180012f90     glad.obj
 0003:00003fa0       $SG108165                  0000000180012fa0     glad.obj
 0003:00003fb0       $SG108166                  0000000180012fb0     glad.obj
 0003:00003fc0       $SG108167                  0000000180012fc0     glad.obj
 0003:00003fd8       $SG108168                  0000000180012fd8     glad.obj
 0003:00003ff0       $SG108169                  0000000180012ff0     glad.obj
 0003:00004008       $SG108170                  0000000180013008     glad.obj
 0003:00004020       $SG108171                  0000000180013020     glad.obj
 0003:00004038       $SG108172                  0000000180013038     glad.obj
 0003:00004050       $SG108173                  0000000180013050     glad.obj
 0003:00004068       $SG108174                  0000000180013068     glad.obj
 0003:00004078       $SG108175                  0000000180013078     glad.obj
 0003:00004088       $SG108176                  0000000180013088     glad.obj
 0003:000040a0       $SG108186                  00000001800130a0     glad.obj
 0003:000040b8       $SG108187                  00000001800130b8     glad.obj
 0003:000040d8       $SG108188                  00000001800130d8     glad.obj
 0003:00004100       $SG108189                  0000000180013100     glad.obj
 0003:00004118       $SG108210                  0000000180013118     glad.obj
 0003:00004128       $SG108212                  0000000180013128     glad.obj
 0003:00004138       $SG108214                  0000000180013138     glad.obj
 0003:00004148       $SG108226                  0000000180013148     glad.obj
 0003:00004e60       $SG112236                  0000000180013e60     Win32_OpenGL.obj
 0003:00004ec0       $SG112237                  0000000180013ec0     Win32_OpenGL.obj
 0003:00004ef0       $SG112238                  0000000180013ef0     Win32_OpenGL.obj
 0003:00004f38       $SG112239                  0000000180013f38     Win32_OpenGL.obj
 0003:00004f68       $SG112242                  0000000180013f68     Win32_OpenGL.obj
 0003:00004f90       $SG112240                  0000000180013f90     Win32_OpenGL.obj
 0003:00005018       $SG112241                  0000000180014018     Win32_OpenGL.obj
 0003:00005048       $SG112243                  0000000180014048     Win32_OpenGL.obj
 0003:00005078       $SG112244                  0000000180014078     Win32_OpenGL.obj
 0003:000050b0       $SG112245                  00000001800140b0     Win32_OpenGL.obj
 0003:000050e0       $SG112246                  00000001800140e0     Win32_OpenGL.obj
 0003:00005118       $SG112247                  0000000180014118     Win32_OpenGL.obj
 0003:00005148       $SG112248                  0000000180014148     Win32_OpenGL.obj
 0003:00005170       $SG112249                  0000000180014170     Win32_OpenGL.obj
 0003:000051a0       $SG112250                  00000001800141a0     Win32_OpenGL.obj
 0003:000051b8       $SG112251                  00000001800141b8     Win32_OpenGL.obj
 0003:000051e8       $SG112264                  00000001800141e8     Win32_OpenGL.obj
 0003:000051f8       $SG112266                  00000001800141f8     Win32_OpenGL.obj
 0003:00005208       $SG112268                  0000000180014208     Win32_OpenGL.obj
 0003:00005220       $SG112270                  0000000180014220     Win32_OpenGL.obj
 0003:00005230       $SG112272                  0000000180014230     Win32_OpenGL.obj
 0003:00005240       $SG112274                  0000000180014240     Win32_OpenGL.obj
 0003:00005250       $SG112276                  0000000180014250     Win32_OpenGL.obj
 0003:00005270       $SG112277                  0000000180014270     Win32_OpenGL.obj
 0003:00005288       $SG112292                  0000000180014288     Win32_OpenGL.obj
 0003:00005298       $SG112294                  0000000180014298     Win32_OpenGL.obj
 0003:000052a8       $SG112296                  00000001800142a8     Win32_OpenGL.obj
 0003:000052c0       $SG112298                  00000001800142c0     Win32_OpenGL.obj
 0003:000052d0       $SG112300                  00000001800142d0     Win32_OpenGL.obj
 0003:000052e0       $SG112302                  00000001800142e0     Win32_OpenGL.obj
 0003:000052f0       $SG112304                  00000001800142f0     Win32_OpenGL.obj
 0003:00005310       $SG112305                  0000000180014310     Win32_OpenGL.obj
 0003:00005328       $SG112318                  0000000180014328     Win32_OpenGL.obj
 0003:00005350       $SG112319                  0000000180014350     Win32_OpenGL.obj
 0003:00005380       $SG112320                  0000000180014380     Win32_OpenGL.obj
 0003:000053b8       $SG112321                  00000001800143b8     Win32_OpenGL.obj
 0003:000053e8       $SG112322                  00000001800143e8     Win32_OpenGL.obj
 0003:00005428       $SG112323                  0000000180014428     Win32_OpenGL.obj
 0003:00005458       $SG112328                  0000000180014458     Win32_OpenGL.obj
 0003:00005480       $SG112329                  0000000180014480     Win32_OpenGL.obj
 0003:000054b0       $SG112334                  00000001800144b0     Win32_OpenGL.obj
 0003:000054e0       $SG112335                  00000001800144e0     Win32_OpenGL.obj
 0003:00005510       $SG112339                  0000000180014510     Win32_OpenGL.obj
 0003:00005538       $SG112340                  0000000180014538     Win32_OpenGL.obj
 0003:00005568       $SG112350                  0000000180014568     Win32_OpenGL.obj
 0003:00005590       $SG112351                  0000000180014590     Win32_OpenGL.obj
 0003:000055c0       $SG112352                  00000001800145c0     Win32_OpenGL.obj
 0003:000055f8       $SG112353                  00000001800145f8     Win32_OpenGL.obj
 0003:00005628       $SG112360                  0000000180014628     Win32_OpenGL.obj
 0003:00005650       $SG112354                  0000000180014650     Win32_OpenGL.obj
 0003:000056b0       $SG112355                  00000001800146b0     Win32_OpenGL.obj
 0003:000056e0       $SG112361                  00000001800146e0     Win32_OpenGL.obj
 0003:00005710       $SG112366                  0000000180014710     Win32_OpenGL.obj
 0003:00005748       $SG112367                  0000000180014748     Win32_OpenGL.obj
 0003:00005778       $SG112371                  0000000180014778     Win32_OpenGL.obj
 0003:000057a8       $SG112372                  00000001800147a8     Win32_OpenGL.obj
 0003:00005b10       app                        0000000180014b10     SGE.obj
 0003:00005b18       platform                   0000000180014b18     SGE.obj
 0003:00005b20       ?t_sin@?1??game_update_sound_buffer@@9@9 0000000180014b20     SGE.obj
 0003:00007158       libGL                      0000000180016158     glad.obj
 0003:00007160       gladGetProcAddressPtr      0000000180016160     glad.obj
 0003:00007168       max_loaded_major           0000000180016168     glad.obj
 0003:0000716c       max_loaded_minor           000000018001616c     glad.obj
 0003:00007170       exts                       0000000180016170     glad.obj
 0003:00007178       num_exts_i                 0000000180016178     glad.obj
 0003:00007180       exts_i                     0000000180016180     glad.obj
 0003:00007604       ?__proc_attached@@3HA      0000000180016604     MSVCRT:dll_dllmain.obj
 0003:00007610       GS_ExceptionRecord         0000000180016610     MSVCRT:gs_report.obj
 0003:000076b0       GS_ContextRecord           00000001800166b0     MSVCRT:gs_report.obj
 0003:00007ce8       ?is_initialized_as_dll@@3_NA 0000000180016ce8     MSVCRT:utility.obj
 0003:00007ce9       ?module_local_atexit_table_initialized@@3_NA 0000000180016ce9     MSVCRT:utility.obj
 0003:00007cf0       ?module_local_atexit_table@@3U_onexit_table_t@@A 0000000180016cf0     MSVCRT:utility.obj
 0003:00007d08       ?module_local_at_quick_exit_table@@3U_onexit_table_t@@A 0000000180016d08     MSVCRT:utility.obj
 0005:00000a5c       .idata$6                   0000000180018a5c     kernel32:KERNEL32.dll
 0005:00000ae0       .idata$6                   0000000180018ae0     vcruntime:VCRUNTIME140.dll
 0005:00000c4c       .idata$6                   0000000180018c4c     ucrt:api-ms-win-crt-math-l1-1-0.dll
 0005:00000c6c       .idata$6                   0000000180018c6c     ucrt:api-ms-win-crt-stdio-l1-1-0.dll
 0005:00000c8c       .idata$6                   0000000180018c8c     ucrt:api-ms-win-crt-heap-l1-1-0.dll
 0005:00000cac       .idata$6                   0000000180018cac     ucrt:api-ms-win-crt-string-l1-1-0.dll
 0005:00000cce       .idata$6                   0000000180018cce     ucrt:api-ms-win-crt-runtime-l1-1-0.dll
